[2026-08-05T20:58:26.016+0000] {local_task_job_runner.py:123} INFO - ::group::Pre task execution logs
[2026-08-05T20:58:26.033+0000] {taskinstance.py:2614} INFO - Dependencies all met for dep_context=non-requeueable deps ti=<TaskInstance: capstone_pipeline.maybe_inject_corruption manual__2026-08-05T20:56:39+00:00 [queued]>
[2026-08-05T20:58:26.049+0000] {taskinstance.py:2614} INFO - Dependencies all met for dep_context=requeueable deps ti=<TaskInstance: capstone_pipeline.maybe_inject_corruption manual__2026-08-05T20:56:39+00:00 [queued]>
[2026-08-05T20:58:26.052+0000] {taskinstance.py:2867} INFO - Starting attempt 1 of 1
[2026-08-05T20:58:26.077+0000] {taskinstance.py:2890} INFO - Executing <Task(BashOperator): maybe_inject_corruption> on 2026-08-05 20:56:39+00:00
[2026-08-05T20:58:26.086+0000] {standard_task_runner.py:72} INFO - Started process 1413 to run task
[2026-08-05T20:58:26.093+0000] {standard_task_runner.py:104} INFO - Running: ['airflow', 'tasks', 'run', 'capstone_pipeline', 'maybe_inject_corruption', 'manual__2026-08-05T20:56:39+00:00', '--job-id', '11', '--raw', '--subdir', 'DAGS_FOLDER/capstone_pipeline.py', '--cfg-path', '/tmp/tmpixt8o6_4']
[2026-08-05T20:58:26.098+0000] {standard_task_runner.py:105} INFO - Job 11: Subtask maybe_inject_corruption
[2026-08-05T20:58:26.186+0000] {task_command.py:467} INFO - Running <TaskInstance: capstone_pipeline.maybe_inject_corruption manual__2026-08-05T20:56:39+00:00 [running]> on host 464d4962317f
[2026-08-05T20:58:26.277+0000] {taskinstance.py:3134} INFO - Exporting env vars: AIRFLOW_CTX_DAG_OWNER='airflow' AIRFLOW_CTX_DAG_ID='capstone_pipeline' AIRFLOW_CTX_TASK_ID='maybe_inject_corruption' AIRFLOW_CTX_EXECUTION_DATE='2026-08-05T20:56:39+00:00' AIRFLOW_CTX_TRY_NUMBER='1' AIRFLOW_CTX_DAG_RUN_ID='manual__2026-08-05T20:56:39+00:00'
[2026-08-05T20:58:26.280+0000] {taskinstance.py:732} INFO - ::endgroup::
[2026-08-05T20:58:26.300+0000] {subprocess.py:78} INFO - Tmp dir root location: /tmp
[2026-08-05T20:58:26.302+0000] {subprocess.py:88} INFO - Running command: ['/usr/bin/bash', '-c', "echo 'corruption injection skipped (clean run)'"]
[2026-08-05T20:58:26.316+0000] {subprocess.py:99} INFO - Output:
[2026-08-05T20:58:26.319+0000] {subprocess.py:106} INFO - corruption injection skipped (clean run)
[2026-08-05T20:58:26.321+0000] {subprocess.py:110} INFO - Command exited with return code 0
[2026-08-05T20:58:26.351+0000] {taskinstance.py:341} INFO - ::group::Post task execution logs
[2026-08-05T20:58:26.353+0000] {taskinstance.py:353} INFO - Marking task as SUCCESS. dag_id=capstone_pipeline, task_id=maybe_inject_corruption, run_id=manual__2026-08-05T20:56:39+00:00, execution_date=20260805T205639, start_date=20260805T205826, end_date=20260805T205826
[2026-08-05T20:58:26.429+0000] {local_task_job_runner.py:266} INFO - Task exited with return code 0
[2026-08-05T20:58:26.452+0000] {taskinstance.py:3901} INFO - 1 downstream tasks scheduled from follow-on schedule check
[2026-08-05T20:58:26.462+0000] {local_task_job_runner.py:245} INFO - ::endgroup::
