[2026-08-05T20:58:04.410+0000] {local_task_job_runner.py:123} INFO - ::group::Pre task execution logs
[2026-08-05T20:58:04.423+0000] {taskinstance.py:2614} INFO - Dependencies all met for dep_context=non-requeueable deps ti=<TaskInstance: capstone_pipeline.bronze_to_silver manual__2026-08-05T20:56:39+00:00 [queued]>
[2026-08-05T20:58:04.432+0000] {taskinstance.py:2614} INFO - Dependencies all met for dep_context=requeueable deps ti=<TaskInstance: capstone_pipeline.bronze_to_silver manual__2026-08-05T20:56:39+00:00 [queued]>
[2026-08-05T20:58:04.434+0000] {taskinstance.py:2867} INFO - Starting attempt 1 of 1
[2026-08-05T20:58:04.454+0000] {taskinstance.py:2890} INFO - Executing <Task(BashOperator): bronze_to_silver> on 2026-08-05 20:56:39+00:00
[2026-08-05T20:58:04.461+0000] {standard_task_runner.py:72} INFO - Started process 964 to run task
[2026-08-05T20:58:04.469+0000] {standard_task_runner.py:104} INFO - Running: ['airflow', 'tasks', 'run', 'capstone_pipeline', 'bronze_to_silver', 'manual__2026-08-05T20:56:39+00:00', '--job-id', '10', '--raw', '--subdir', 'DAGS_FOLDER/capstone_pipeline.py', '--cfg-path', '/tmp/tmpwcijls5y']
[2026-08-05T20:58:04.472+0000] {standard_task_runner.py:105} INFO - Job 10: Subtask bronze_to_silver
[2026-08-05T20:58:04.542+0000] {task_command.py:467} INFO - Running <TaskInstance: capstone_pipeline.bronze_to_silver manual__2026-08-05T20:56:39+00:00 [running]> on host 464d4962317f
[2026-08-05T20:58:04.614+0000] {taskinstance.py:3134} INFO - Exporting env vars: AIRFLOW_CTX_DAG_OWNER='airflow' AIRFLOW_CTX_DAG_ID='capstone_pipeline' AIRFLOW_CTX_TASK_ID='bronze_to_silver' AIRFLOW_CTX_EXECUTION_DATE='2026-08-05T20:56:39+00:00' AIRFLOW_CTX_TRY_NUMBER='1' AIRFLOW_CTX_DAG_RUN_ID='manual__2026-08-05T20:56:39+00:00'
[2026-08-05T20:58:04.616+0000] {taskinstance.py:732} INFO - ::endgroup::
[2026-08-05T20:58:04.632+0000] {subprocess.py:78} INFO - Tmp dir root location: /tmp
[2026-08-05T20:58:04.633+0000] {subprocess.py:88} INFO - Running command: ['/usr/bin/bash', '-c', '/opt/venvs/compute/bin/python /opt/capstone/src/silver.py']
[2026-08-05T20:58:04.643+0000] {subprocess.py:99} INFO - Output:
[2026-08-05T20:58:07.264+0000] {subprocess.py:106} INFO - :: loading settings :: url = jar:file:/opt/venvs/compute/lib/python3.12/site-packages/pyspark/jars/ivy-2.5.3.jar!/org/apache/ivy/core/settings/ivysettings.xml
[2026-08-05T20:58:07.331+0000] {subprocess.py:106} INFO - Ivy Default Cache set to: /home/airflow/.ivy2/cache
[2026-08-05T20:58:07.332+0000] {subprocess.py:106} INFO - The jars for the packages stored in: /home/airflow/.ivy2/jars
[2026-08-05T20:58:07.335+0000] {subprocess.py:106} INFO - io.delta#delta-spark_2.12 added as a dependency
[2026-08-05T20:58:07.336+0000] {subprocess.py:106} INFO - :: resolving dependencies :: org.apache.spark#spark-submit-parent-2c6b0aeb-32db-42d2-aec2-d985af1bd430;1.0
[2026-08-05T20:58:07.338+0000] {subprocess.py:106} INFO - 	confs: [default]
[2026-08-05T20:58:07.428+0000] {subprocess.py:106} INFO - 	found io.delta#delta-spark_2.12;3.2.0 in central
[2026-08-05T20:58:07.452+0000] {subprocess.py:106} INFO - 	found io.delta#delta-storage;3.2.0 in central
[2026-08-05T20:58:07.470+0000] {subprocess.py:106} INFO - 	found org.antlr#antlr4-runtime;4.9.3 in central
[2026-08-05T20:58:07.488+0000] {subprocess.py:106} INFO - :: resolution report :: resolve 145ms :: artifacts dl 7ms
[2026-08-05T20:58:07.489+0000] {subprocess.py:106} INFO - 	:: modules in use:
[2026-08-05T20:58:07.491+0000] {subprocess.py:106} INFO - 	io.delta#delta-spark_2.12;3.2.0 from central in [default]
[2026-08-05T20:58:07.492+0000] {subprocess.py:106} INFO - 	io.delta#delta-storage;3.2.0 from central in [default]
[2026-08-05T20:58:07.493+0000] {subprocess.py:106} INFO - 	org.antlr#antlr4-runtime;4.9.3 from central in [default]
[2026-08-05T20:58:07.495+0000] {subprocess.py:106} INFO - 	---------------------------------------------------------------------
[2026-08-05T20:58:07.496+0000] {subprocess.py:106} INFO - 	|                  |            modules            ||   artifacts   |
[2026-08-05T20:58:07.497+0000] {subprocess.py:106} INFO - 	|       conf       | number| search|dwnlded|evicted|| number|dwnlded|
[2026-08-05T20:58:07.499+0000] {subprocess.py:106} INFO - 	---------------------------------------------------------------------
[2026-08-05T20:58:07.500+0000] {subprocess.py:106} INFO - 	|      default     |   3   |   0   |   0   |   0   ||   3   |   0   |
[2026-08-05T20:58:07.501+0000] {subprocess.py:106} INFO - 	---------------------------------------------------------------------
[2026-08-05T20:58:07.502+0000] {subprocess.py:106} INFO - :: retrieving :: org.apache.spark#spark-submit-parent-2c6b0aeb-32db-42d2-aec2-d985af1bd430
[2026-08-05T20:58:07.503+0000] {subprocess.py:106} INFO - 	confs: [default]
[2026-08-05T20:58:07.505+0000] {subprocess.py:106} INFO - 	0 artifacts copied, 3 already retrieved (0kB/6ms)
[2026-08-05T20:58:07.656+0000] {subprocess.py:106} INFO - 26/08/05 20:58:07 WARN NativeCodeLoader: Unable to load native-hadoop library for your platform... using builtin-java classes where applicable
[2026-08-05T20:58:07.861+0000] {subprocess.py:106} INFO - Setting default log level to "WARN".
[2026-08-05T20:58:07.863+0000] {subprocess.py:106} INFO - To adjust logging level use sc.setLogLevel(newLevel). For SparkR, use setLogLevel(newLevel).
[2026-08-05T20:58:21.982+0000] {subprocess.py:106} INFO - [Stage 0:=============================>                             (1 + 1) / 2]                                                                                [Stage 4:>                                                          (0 + 2) / 2]                                                                                [Stage 12:>                                                         (0 + 1) / 1]                                                                                [SILVER] dedup: 15000 -> 4921 rows
[2026-08-05T20:58:21.984+0000] {subprocess.py:106} INFO - [SILVER] routed 17 non-product rows (POST/D/charges) to silver_non_product
[2026-08-05T20:58:21.986+0000] {subprocess.py:106} INFO - [SILVER] created silver with 4833 rows (first run)
[2026-08-05T20:58:21.987+0000] {subprocess.py:106} INFO - [SILVER] marked 3 landing file(s) as done
[2026-08-05T20:58:22.462+0000] {subprocess.py:110} INFO - Command exited with return code 0
[2026-08-05T20:58:22.482+0000] {taskinstance.py:341} INFO - ::group::Post task execution logs
[2026-08-05T20:58:22.485+0000] {taskinstance.py:353} INFO - Marking task as SUCCESS. dag_id=capstone_pipeline, task_id=bronze_to_silver, run_id=manual__2026-08-05T20:56:39+00:00, execution_date=20260805T205639, start_date=20260805T205804, end_date=20260805T205822
[2026-08-05T20:58:22.542+0000] {local_task_job_runner.py:266} INFO - Task exited with return code 0
[2026-08-05T20:58:22.555+0000] {taskinstance.py:3901} INFO - 1 downstream tasks scheduled from follow-on schedule check
[2026-08-05T20:58:22.568+0000] {local_task_job_runner.py:245} INFO - ::endgroup::
