[2026-08-05T20:48:38.126+0000] {processor.py:186} INFO - Started process (PID=148) to work on /opt/airflow/dags/capstone_pipeline.py
[2026-08-05T20:48:38.128+0000] {processor.py:914} INFO - Processing file /opt/airflow/dags/capstone_pipeline.py for tasks to queue
[2026-08-05T20:48:38.146+0000] {logging_mixin.py:190} INFO - [2026-08-05T20:48:38.142+0000] {dagbag.py:588} INFO - Filling up the DagBag from /opt/airflow/dags/capstone_pipeline.py
[2026-08-05T20:48:38.235+0000] {processor.py:925} INFO - DAG(s) 'capstone_pipeline', 'reset_demo_state' retrieved from /opt/airflow/dags/capstone_pipeline.py
[2026-08-05T20:48:38.636+0000] {logging_mixin.py:190} INFO - [2026-08-05T20:48:38.634+0000] {override.py:1912} INFO - Created Permission View: can read on DAG:capstone_pipeline
[2026-08-05T20:48:38.658+0000] {logging_mixin.py:190} INFO - [2026-08-05T20:48:38.658+0000] {override.py:1912} INFO - Created Permission View: can edit on DAG:capstone_pipeline
[2026-08-05T20:48:38.675+0000] {logging_mixin.py:190} INFO - [2026-08-05T20:48:38.674+0000] {override.py:1912} INFO - Created Permission View: can delete on DAG:capstone_pipeline
[2026-08-05T20:48:38.702+0000] {logging_mixin.py:190} INFO - [2026-08-05T20:48:38.701+0000] {override.py:1912} INFO - Created Permission View: can read on DAG Run:capstone_pipeline
[2026-08-05T20:48:38.714+0000] {logging_mixin.py:190} INFO - [2026-08-05T20:48:38.714+0000] {override.py:1912} INFO - Created Permission View: menu access on DAG Run:capstone_pipeline
[2026-08-05T20:48:38.729+0000] {logging_mixin.py:190} INFO - [2026-08-05T20:48:38.729+0000] {override.py:1912} INFO - Created Permission View: can delete on DAG Run:capstone_pipeline
[2026-08-05T20:48:38.741+0000] {logging_mixin.py:190} INFO - [2026-08-05T20:48:38.740+0000] {override.py:1912} INFO - Created Permission View: can create on DAG Run:capstone_pipeline
[2026-08-05T20:48:38.764+0000] {logging_mixin.py:190} INFO - [2026-08-05T20:48:38.764+0000] {override.py:1912} INFO - Created Permission View: can read on DAG:reset_demo_state
[2026-08-05T20:48:38.775+0000] {logging_mixin.py:190} INFO - [2026-08-05T20:48:38.775+0000] {override.py:1912} INFO - Created Permission View: can edit on DAG:reset_demo_state
[2026-08-05T20:48:38.787+0000] {logging_mixin.py:190} INFO - [2026-08-05T20:48:38.787+0000] {override.py:1912} INFO - Created Permission View: can delete on DAG:reset_demo_state
[2026-08-05T20:48:38.808+0000] {logging_mixin.py:190} INFO - [2026-08-05T20:48:38.808+0000] {override.py:1912} INFO - Created Permission View: can read on DAG Run:reset_demo_state
[2026-08-05T20:48:38.820+0000] {logging_mixin.py:190} INFO - [2026-08-05T20:48:38.819+0000] {override.py:1912} INFO - Created Permission View: menu access on DAG Run:reset_demo_state
[2026-08-05T20:48:38.832+0000] {logging_mixin.py:190} INFO - [2026-08-05T20:48:38.831+0000] {override.py:1912} INFO - Created Permission View: can delete on DAG Run:reset_demo_state
[2026-08-05T20:48:38.844+0000] {logging_mixin.py:190} INFO - [2026-08-05T20:48:38.844+0000] {override.py:1912} INFO - Created Permission View: can create on DAG Run:reset_demo_state
[2026-08-05T20:48:38.846+0000] {logging_mixin.py:190} INFO - [2026-08-05T20:48:38.845+0000] {dag.py:3239} INFO - Sync 2 DAGs
[2026-08-05T20:48:38.869+0000] {logging_mixin.py:190} INFO - [2026-08-05T20:48:38.868+0000] {dag.py:3262} INFO - Creating ORM DAG for capstone_pipeline
[2026-08-05T20:48:38.870+0000] {logging_mixin.py:190} INFO - [2026-08-05T20:48:38.870+0000] {dag.py:3262} INFO - Creating ORM DAG for reset_demo_state
[2026-08-05T20:48:38.872+0000] {logging_mixin.py:190} INFO - [2026-08-05T20:48:38.872+0000] {dag.py:4180} INFO - Setting next_dagrun for capstone_pipeline to None, run_after=None
[2026-08-05T20:48:38.874+0000] {logging_mixin.py:190} INFO - [2026-08-05T20:48:38.874+0000] {dag.py:4180} INFO - Setting next_dagrun for reset_demo_state to None, run_after=None
[2026-08-05T20:48:38.904+0000] {processor.py:208} INFO - Processing /opt/airflow/dags/capstone_pipeline.py took 0.807 seconds
[2026-08-05T20:49:09.061+0000] {processor.py:186} INFO - Started process (PID=149) to work on /opt/airflow/dags/capstone_pipeline.py
[2026-08-05T20:49:09.063+0000] {processor.py:914} INFO - Processing file /opt/airflow/dags/capstone_pipeline.py for tasks to queue
[2026-08-05T20:49:09.066+0000] {logging_mixin.py:190} INFO - [2026-08-05T20:49:09.065+0000] {dagbag.py:588} INFO - Filling up the DagBag from /opt/airflow/dags/capstone_pipeline.py
[2026-08-05T20:49:09.083+0000] {processor.py:925} INFO - DAG(s) 'capstone_pipeline', 'reset_demo_state' retrieved from /opt/airflow/dags/capstone_pipeline.py
[2026-08-05T20:49:09.128+0000] {logging_mixin.py:190} INFO - [2026-08-05T20:49:09.128+0000] {dag.py:3239} INFO - Sync 2 DAGs
[2026-08-05T20:49:09.141+0000] {logging_mixin.py:190} INFO - [2026-08-05T20:49:09.141+0000] {dag.py:4180} INFO - Setting next_dagrun for capstone_pipeline to None, run_after=None
[2026-08-05T20:49:09.156+0000] {logging_mixin.py:190} INFO - [2026-08-05T20:49:09.156+0000] {dag.py:4180} INFO - Setting next_dagrun for reset_demo_state to None, run_after=None
[2026-08-05T20:49:09.185+0000] {processor.py:208} INFO - Processing /opt/airflow/dags/capstone_pipeline.py took 0.130 seconds
[2026-08-05T20:49:39.344+0000] {processor.py:186} INFO - Started process (PID=150) to work on /opt/airflow/dags/capstone_pipeline.py
[2026-08-05T20:49:39.346+0000] {processor.py:914} INFO - Processing file /opt/airflow/dags/capstone_pipeline.py for tasks to queue
[2026-08-05T20:49:39.348+0000] {logging_mixin.py:190} INFO - [2026-08-05T20:49:39.348+0000] {dagbag.py:588} INFO - Filling up the DagBag from /opt/airflow/dags/capstone_pipeline.py
[2026-08-05T20:49:39.362+0000] {processor.py:925} INFO - DAG(s) 'capstone_pipeline', 'reset_demo_state' retrieved from /opt/airflow/dags/capstone_pipeline.py
[2026-08-05T20:49:39.395+0000] {logging_mixin.py:190} INFO - [2026-08-05T20:49:39.395+0000] {dag.py:3239} INFO - Sync 2 DAGs
[2026-08-05T20:49:39.405+0000] {logging_mixin.py:190} INFO - [2026-08-05T20:49:39.405+0000] {dag.py:4180} INFO - Setting next_dagrun for capstone_pipeline to None, run_after=None
[2026-08-05T20:49:39.408+0000] {logging_mixin.py:190} INFO - [2026-08-05T20:49:39.408+0000] {dag.py:4180} INFO - Setting next_dagrun for reset_demo_state to None, run_after=None
[2026-08-05T20:49:39.429+0000] {processor.py:208} INFO - Processing /opt/airflow/dags/capstone_pipeline.py took 0.088 seconds
[2026-08-05T20:50:09.661+0000] {processor.py:186} INFO - Started process (PID=151) to work on /opt/airflow/dags/capstone_pipeline.py
[2026-08-05T20:50:09.663+0000] {processor.py:914} INFO - Processing file /opt/airflow/dags/capstone_pipeline.py for tasks to queue
[2026-08-05T20:50:09.665+0000] {logging_mixin.py:190} INFO - [2026-08-05T20:50:09.665+0000] {dagbag.py:588} INFO - Filling up the DagBag from /opt/airflow/dags/capstone_pipeline.py
[2026-08-05T20:50:09.685+0000] {processor.py:925} INFO - DAG(s) 'reset_demo_state', 'capstone_pipeline' retrieved from /opt/airflow/dags/capstone_pipeline.py
[2026-08-05T20:50:09.721+0000] {logging_mixin.py:190} INFO - [2026-08-05T20:50:09.720+0000] {dag.py:3239} INFO - Sync 2 DAGs
[2026-08-05T20:50:09.732+0000] {logging_mixin.py:190} INFO - [2026-08-05T20:50:09.732+0000] {dag.py:4180} INFO - Setting next_dagrun for capstone_pipeline to None, run_after=None
[2026-08-05T20:50:09.739+0000] {logging_mixin.py:190} INFO - [2026-08-05T20:50:09.739+0000] {dag.py:4180} INFO - Setting next_dagrun for reset_demo_state to None, run_after=None
[2026-08-05T20:50:09.763+0000] {processor.py:208} INFO - Processing /opt/airflow/dags/capstone_pipeline.py took 0.107 seconds
[2026-08-05T20:50:39.880+0000] {processor.py:186} INFO - Started process (PID=166) to work on /opt/airflow/dags/capstone_pipeline.py
[2026-08-05T20:50:39.882+0000] {processor.py:914} INFO - Processing file /opt/airflow/dags/capstone_pipeline.py for tasks to queue
[2026-08-05T20:50:39.886+0000] {logging_mixin.py:190} INFO - [2026-08-05T20:50:39.885+0000] {dagbag.py:588} INFO - Filling up the DagBag from /opt/airflow/dags/capstone_pipeline.py
[2026-08-05T20:50:39.903+0000] {processor.py:925} INFO - DAG(s) 'reset_demo_state', 'capstone_pipeline' retrieved from /opt/airflow/dags/capstone_pipeline.py
[2026-08-05T20:50:39.944+0000] {logging_mixin.py:190} INFO - [2026-08-05T20:50:39.943+0000] {dag.py:3239} INFO - Sync 2 DAGs
[2026-08-05T20:50:39.955+0000] {logging_mixin.py:190} INFO - [2026-08-05T20:50:39.955+0000] {dag.py:4180} INFO - Setting next_dagrun for capstone_pipeline to None, run_after=None
[2026-08-05T20:50:39.958+0000] {logging_mixin.py:190} INFO - [2026-08-05T20:50:39.958+0000] {dag.py:4180} INFO - Setting next_dagrun for reset_demo_state to None, run_after=None
[2026-08-05T20:50:39.980+0000] {processor.py:208} INFO - Processing /opt/airflow/dags/capstone_pipeline.py took 0.106 seconds
[2026-08-05T20:51:10.147+0000] {processor.py:186} INFO - Started process (PID=167) to work on /opt/airflow/dags/capstone_pipeline.py
[2026-08-05T20:51:10.148+0000] {processor.py:914} INFO - Processing file /opt/airflow/dags/capstone_pipeline.py for tasks to queue
[2026-08-05T20:51:10.152+0000] {logging_mixin.py:190} INFO - [2026-08-05T20:51:10.151+0000] {dagbag.py:588} INFO - Filling up the DagBag from /opt/airflow/dags/capstone_pipeline.py
[2026-08-05T20:51:10.168+0000] {processor.py:925} INFO - DAG(s) 'capstone_pipeline', 'reset_demo_state' retrieved from /opt/airflow/dags/capstone_pipeline.py
[2026-08-05T20:51:10.204+0000] {logging_mixin.py:190} INFO - [2026-08-05T20:51:10.203+0000] {dag.py:3239} INFO - Sync 2 DAGs
[2026-08-05T20:51:10.219+0000] {logging_mixin.py:190} INFO - [2026-08-05T20:51:10.219+0000] {dag.py:4180} INFO - Setting next_dagrun for capstone_pipeline to None, run_after=None
[2026-08-05T20:51:10.226+0000] {logging_mixin.py:190} INFO - [2026-08-05T20:51:10.226+0000] {dag.py:4180} INFO - Setting next_dagrun for reset_demo_state to None, run_after=None
[2026-08-05T20:51:10.249+0000] {processor.py:208} INFO - Processing /opt/airflow/dags/capstone_pipeline.py took 0.107 seconds
[2026-08-05T20:51:56.383+0000] {processor.py:186} INFO - Started process (PID=252) to work on /opt/airflow/dags/capstone_pipeline.py
[2026-08-05T20:51:56.385+0000] {processor.py:914} INFO - Processing file /opt/airflow/dags/capstone_pipeline.py for tasks to queue
[2026-08-05T20:51:56.388+0000] {logging_mixin.py:190} INFO - [2026-08-05T20:51:56.388+0000] {dagbag.py:588} INFO - Filling up the DagBag from /opt/airflow/dags/capstone_pipeline.py
[2026-08-05T20:51:56.527+0000] {processor.py:925} INFO - DAG(s) 'capstone_pipeline', 'reset_demo_state' retrieved from /opt/airflow/dags/capstone_pipeline.py
[2026-08-05T20:51:56.565+0000] {logging_mixin.py:190} INFO - [2026-08-05T20:51:56.565+0000] {dag.py:3239} INFO - Sync 2 DAGs
[2026-08-05T20:51:56.581+0000] {logging_mixin.py:190} INFO - [2026-08-05T20:51:56.581+0000] {dag.py:4180} INFO - Setting next_dagrun for capstone_pipeline to None, run_after=None
[2026-08-05T20:51:56.600+0000] {logging_mixin.py:190} INFO - [2026-08-05T20:51:56.600+0000] {dag.py:4180} INFO - Setting next_dagrun for reset_demo_state to None, run_after=None
[2026-08-05T20:51:56.632+0000] {processor.py:208} INFO - Processing /opt/airflow/dags/capstone_pipeline.py took 0.254 seconds
[2026-08-05T20:52:27.620+0000] {processor.py:186} INFO - Started process (PID=296) to work on /opt/airflow/dags/capstone_pipeline.py
[2026-08-05T20:52:27.622+0000] {processor.py:914} INFO - Processing file /opt/airflow/dags/capstone_pipeline.py for tasks to queue
[2026-08-05T20:52:27.628+0000] {logging_mixin.py:190} INFO - [2026-08-05T20:52:27.628+0000] {dagbag.py:588} INFO - Filling up the DagBag from /opt/airflow/dags/capstone_pipeline.py
[2026-08-05T20:52:27.658+0000] {processor.py:925} INFO - DAG(s) 'reset_demo_state', 'capstone_pipeline' retrieved from /opt/airflow/dags/capstone_pipeline.py
[2026-08-05T20:52:27.693+0000] {logging_mixin.py:190} INFO - [2026-08-05T20:52:27.693+0000] {dag.py:3239} INFO - Sync 2 DAGs
[2026-08-05T20:52:27.704+0000] {logging_mixin.py:190} INFO - [2026-08-05T20:52:27.704+0000] {dag.py:4180} INFO - Setting next_dagrun for capstone_pipeline to None, run_after=None
[2026-08-05T20:52:27.711+0000] {logging_mixin.py:190} INFO - [2026-08-05T20:52:27.710+0000] {dag.py:4180} INFO - Setting next_dagrun for reset_demo_state to None, run_after=None
[2026-08-05T20:52:27.734+0000] {processor.py:208} INFO - Processing /opt/airflow/dags/capstone_pipeline.py took 0.120 seconds
[2026-08-05T20:52:57.930+0000] {processor.py:186} INFO - Started process (PID=297) to work on /opt/airflow/dags/capstone_pipeline.py
[2026-08-05T20:52:57.933+0000] {processor.py:914} INFO - Processing file /opt/airflow/dags/capstone_pipeline.py for tasks to queue
[2026-08-05T20:52:57.937+0000] {logging_mixin.py:190} INFO - [2026-08-05T20:52:57.937+0000] {dagbag.py:588} INFO - Filling up the DagBag from /opt/airflow/dags/capstone_pipeline.py
[2026-08-05T20:52:57.999+0000] {processor.py:925} INFO - DAG(s) 'capstone_pipeline', 'reset_demo_state' retrieved from /opt/airflow/dags/capstone_pipeline.py
[2026-08-05T20:52:58.035+0000] {logging_mixin.py:190} INFO - [2026-08-05T20:52:58.035+0000] {dag.py:3239} INFO - Sync 2 DAGs
[2026-08-05T20:52:58.049+0000] {logging_mixin.py:190} INFO - [2026-08-05T20:52:58.049+0000] {dag.py:4180} INFO - Setting next_dagrun for capstone_pipeline to None, run_after=None
[2026-08-05T20:52:58.053+0000] {logging_mixin.py:190} INFO - [2026-08-05T20:52:58.053+0000] {dag.py:4180} INFO - Setting next_dagrun for reset_demo_state to None, run_after=None
[2026-08-05T20:52:58.073+0000] {processor.py:208} INFO - Processing /opt/airflow/dags/capstone_pipeline.py took 0.148 seconds
[2026-08-05T20:53:29.142+0000] {processor.py:186} INFO - Started process (PID=298) to work on /opt/airflow/dags/capstone_pipeline.py
[2026-08-05T20:53:29.144+0000] {processor.py:914} INFO - Processing file /opt/airflow/dags/capstone_pipeline.py for tasks to queue
[2026-08-05T20:53:29.146+0000] {logging_mixin.py:190} INFO - [2026-08-05T20:53:29.146+0000] {dagbag.py:588} INFO - Filling up the DagBag from /opt/airflow/dags/capstone_pipeline.py
[2026-08-05T20:53:29.161+0000] {processor.py:925} INFO - DAG(s) 'reset_demo_state', 'capstone_pipeline' retrieved from /opt/airflow/dags/capstone_pipeline.py
[2026-08-05T20:53:29.192+0000] {logging_mixin.py:190} INFO - [2026-08-05T20:53:29.192+0000] {dag.py:3239} INFO - Sync 2 DAGs
[2026-08-05T20:53:29.202+0000] {logging_mixin.py:190} INFO - [2026-08-05T20:53:29.202+0000] {dag.py:4180} INFO - Setting next_dagrun for capstone_pipeline to None, run_after=None
[2026-08-05T20:53:29.205+0000] {logging_mixin.py:190} INFO - [2026-08-05T20:53:29.205+0000] {dag.py:4180} INFO - Setting next_dagrun for reset_demo_state to None, run_after=None
[2026-08-05T20:53:29.226+0000] {processor.py:208} INFO - Processing /opt/airflow/dags/capstone_pipeline.py took 0.088 seconds
[2026-08-05T20:53:59.373+0000] {processor.py:186} INFO - Started process (PID=299) to work on /opt/airflow/dags/capstone_pipeline.py
[2026-08-05T20:53:59.375+0000] {processor.py:914} INFO - Processing file /opt/airflow/dags/capstone_pipeline.py for tasks to queue
[2026-08-05T20:53:59.378+0000] {logging_mixin.py:190} INFO - [2026-08-05T20:53:59.377+0000] {dagbag.py:588} INFO - Filling up the DagBag from /opt/airflow/dags/capstone_pipeline.py
[2026-08-05T20:53:59.395+0000] {processor.py:925} INFO - DAG(s) 'capstone_pipeline', 'reset_demo_state' retrieved from /opt/airflow/dags/capstone_pipeline.py
[2026-08-05T20:53:59.433+0000] {logging_mixin.py:190} INFO - [2026-08-05T20:53:59.433+0000] {dag.py:3239} INFO - Sync 2 DAGs
[2026-08-05T20:53:59.444+0000] {logging_mixin.py:190} INFO - [2026-08-05T20:53:59.444+0000] {dag.py:4180} INFO - Setting next_dagrun for capstone_pipeline to None, run_after=None
[2026-08-05T20:53:59.448+0000] {logging_mixin.py:190} INFO - [2026-08-05T20:53:59.448+0000] {dag.py:4180} INFO - Setting next_dagrun for reset_demo_state to None, run_after=None
[2026-08-05T20:53:59.470+0000] {processor.py:208} INFO - Processing /opt/airflow/dags/capstone_pipeline.py took 0.102 seconds
[2026-08-05T20:54:29.623+0000] {processor.py:186} INFO - Started process (PID=300) to work on /opt/airflow/dags/capstone_pipeline.py
[2026-08-05T20:54:29.625+0000] {processor.py:914} INFO - Processing file /opt/airflow/dags/capstone_pipeline.py for tasks to queue
[2026-08-05T20:54:29.629+0000] {logging_mixin.py:190} INFO - [2026-08-05T20:54:29.629+0000] {dagbag.py:588} INFO - Filling up the DagBag from /opt/airflow/dags/capstone_pipeline.py
[2026-08-05T20:54:29.654+0000] {processor.py:925} INFO - DAG(s) 'reset_demo_state', 'capstone_pipeline' retrieved from /opt/airflow/dags/capstone_pipeline.py
[2026-08-05T20:54:29.700+0000] {logging_mixin.py:190} INFO - [2026-08-05T20:54:29.700+0000] {dag.py:3239} INFO - Sync 2 DAGs
[2026-08-05T20:54:29.712+0000] {logging_mixin.py:190} INFO - [2026-08-05T20:54:29.712+0000] {dag.py:4180} INFO - Setting next_dagrun for capstone_pipeline to None, run_after=None
[2026-08-05T20:54:29.718+0000] {logging_mixin.py:190} INFO - [2026-08-05T20:54:29.717+0000] {dag.py:4180} INFO - Setting next_dagrun for reset_demo_state to None, run_after=None
[2026-08-05T20:54:29.743+0000] {processor.py:208} INFO - Processing /opt/airflow/dags/capstone_pipeline.py took 0.124 seconds
[2026-08-05T20:54:59.867+0000] {processor.py:186} INFO - Started process (PID=301) to work on /opt/airflow/dags/capstone_pipeline.py
[2026-08-05T20:54:59.868+0000] {processor.py:914} INFO - Processing file /opt/airflow/dags/capstone_pipeline.py for tasks to queue
[2026-08-05T20:54:59.870+0000] {logging_mixin.py:190} INFO - [2026-08-05T20:54:59.870+0000] {dagbag.py:588} INFO - Filling up the DagBag from /opt/airflow/dags/capstone_pipeline.py
[2026-08-05T20:54:59.886+0000] {processor.py:925} INFO - DAG(s) 'capstone_pipeline', 'reset_demo_state' retrieved from /opt/airflow/dags/capstone_pipeline.py
[2026-08-05T20:54:59.917+0000] {logging_mixin.py:190} INFO - [2026-08-05T20:54:59.917+0000] {dag.py:3239} INFO - Sync 2 DAGs
[2026-08-05T20:54:59.927+0000] {logging_mixin.py:190} INFO - [2026-08-05T20:54:59.927+0000] {dag.py:4180} INFO - Setting next_dagrun for capstone_pipeline to None, run_after=None
[2026-08-05T20:54:59.930+0000] {logging_mixin.py:190} INFO - [2026-08-05T20:54:59.930+0000] {dag.py:4180} INFO - Setting next_dagrun for reset_demo_state to None, run_after=None
[2026-08-05T20:54:59.957+0000] {processor.py:208} INFO - Processing /opt/airflow/dags/capstone_pipeline.py took 0.094 seconds
[2026-08-05T20:55:30.126+0000] {processor.py:186} INFO - Started process (PID=309) to work on /opt/airflow/dags/capstone_pipeline.py
[2026-08-05T20:55:30.128+0000] {processor.py:914} INFO - Processing file /opt/airflow/dags/capstone_pipeline.py for tasks to queue
[2026-08-05T20:55:30.131+0000] {logging_mixin.py:190} INFO - [2026-08-05T20:55:30.131+0000] {dagbag.py:588} INFO - Filling up the DagBag from /opt/airflow/dags/capstone_pipeline.py
[2026-08-05T20:55:30.159+0000] {processor.py:925} INFO - DAG(s) 'reset_demo_state', 'capstone_pipeline' retrieved from /opt/airflow/dags/capstone_pipeline.py
[2026-08-05T20:55:30.201+0000] {logging_mixin.py:190} INFO - [2026-08-05T20:55:30.201+0000] {dag.py:3239} INFO - Sync 2 DAGs
[2026-08-05T20:55:30.213+0000] {logging_mixin.py:190} INFO - [2026-08-05T20:55:30.213+0000] {dag.py:4180} INFO - Setting next_dagrun for capstone_pipeline to None, run_after=None
[2026-08-05T20:55:30.217+0000] {logging_mixin.py:190} INFO - [2026-08-05T20:55:30.217+0000] {dag.py:4180} INFO - Setting next_dagrun for reset_demo_state to None, run_after=None
[2026-08-05T20:55:30.239+0000] {processor.py:208} INFO - Processing /opt/airflow/dags/capstone_pipeline.py took 0.121 seconds
[2026-08-05T20:56:00.361+0000] {processor.py:186} INFO - Started process (PID=310) to work on /opt/airflow/dags/capstone_pipeline.py
[2026-08-05T20:56:00.363+0000] {processor.py:914} INFO - Processing file /opt/airflow/dags/capstone_pipeline.py for tasks to queue
[2026-08-05T20:56:00.365+0000] {logging_mixin.py:190} INFO - [2026-08-05T20:56:00.365+0000] {dagbag.py:588} INFO - Filling up the DagBag from /opt/airflow/dags/capstone_pipeline.py
[2026-08-05T20:56:00.381+0000] {processor.py:925} INFO - DAG(s) 'reset_demo_state', 'capstone_pipeline' retrieved from /opt/airflow/dags/capstone_pipeline.py
[2026-08-05T20:56:00.416+0000] {logging_mixin.py:190} INFO - [2026-08-05T20:56:00.415+0000] {dag.py:3239} INFO - Sync 2 DAGs
[2026-08-05T20:56:00.426+0000] {logging_mixin.py:190} INFO - [2026-08-05T20:56:00.426+0000] {dag.py:4180} INFO - Setting next_dagrun for capstone_pipeline to None, run_after=None
[2026-08-05T20:56:00.429+0000] {logging_mixin.py:190} INFO - [2026-08-05T20:56:00.429+0000] {dag.py:4180} INFO - Setting next_dagrun for reset_demo_state to None, run_after=None
[2026-08-05T20:56:00.449+0000] {processor.py:208} INFO - Processing /opt/airflow/dags/capstone_pipeline.py took 0.093 seconds
[2026-08-05T20:56:30.629+0000] {processor.py:186} INFO - Started process (PID=311) to work on /opt/airflow/dags/capstone_pipeline.py
[2026-08-05T20:56:30.631+0000] {processor.py:914} INFO - Processing file /opt/airflow/dags/capstone_pipeline.py for tasks to queue
[2026-08-05T20:56:30.633+0000] {logging_mixin.py:190} INFO - [2026-08-05T20:56:30.633+0000] {dagbag.py:588} INFO - Filling up the DagBag from /opt/airflow/dags/capstone_pipeline.py
[2026-08-05T20:56:30.656+0000] {processor.py:925} INFO - DAG(s) 'reset_demo_state', 'capstone_pipeline' retrieved from /opt/airflow/dags/capstone_pipeline.py
[2026-08-05T20:56:30.694+0000] {logging_mixin.py:190} INFO - [2026-08-05T20:56:30.694+0000] {dag.py:3239} INFO - Sync 2 DAGs
[2026-08-05T20:56:30.706+0000] {logging_mixin.py:190} INFO - [2026-08-05T20:56:30.706+0000] {dag.py:4180} INFO - Setting next_dagrun for capstone_pipeline to None, run_after=None
[2026-08-05T20:56:30.710+0000] {logging_mixin.py:190} INFO - [2026-08-05T20:56:30.709+0000] {dag.py:4180} INFO - Setting next_dagrun for reset_demo_state to None, run_after=None
[2026-08-05T20:56:30.732+0000] {processor.py:208} INFO - Processing /opt/airflow/dags/capstone_pipeline.py took 0.108 seconds
[2026-08-05T20:57:02.353+0000] {processor.py:186} INFO - Started process (PID=389) to work on /opt/airflow/dags/capstone_pipeline.py
[2026-08-05T20:57:02.355+0000] {processor.py:914} INFO - Processing file /opt/airflow/dags/capstone_pipeline.py for tasks to queue
[2026-08-05T20:57:02.359+0000] {logging_mixin.py:190} INFO - [2026-08-05T20:57:02.359+0000] {dagbag.py:588} INFO - Filling up the DagBag from /opt/airflow/dags/capstone_pipeline.py
[2026-08-05T20:57:02.389+0000] {processor.py:925} INFO - DAG(s) 'reset_demo_state', 'capstone_pipeline' retrieved from /opt/airflow/dags/capstone_pipeline.py
[2026-08-05T20:57:02.436+0000] {logging_mixin.py:190} INFO - [2026-08-05T20:57:02.435+0000] {dag.py:3239} INFO - Sync 2 DAGs
[2026-08-05T20:57:02.451+0000] {logging_mixin.py:190} INFO - [2026-08-05T20:57:02.451+0000] {dag.py:4180} INFO - Setting next_dagrun for capstone_pipeline to None, run_after=None
[2026-08-05T20:57:02.455+0000] {logging_mixin.py:190} INFO - [2026-08-05T20:57:02.455+0000] {dag.py:4180} INFO - Setting next_dagrun for reset_demo_state to None, run_after=None
[2026-08-05T20:57:02.483+0000] {processor.py:208} INFO - Processing /opt/airflow/dags/capstone_pipeline.py took 0.136 seconds
[2026-08-05T20:57:34.443+0000] {processor.py:186} INFO - Started process (PID=666) to work on /opt/airflow/dags/capstone_pipeline.py
[2026-08-05T20:57:34.446+0000] {processor.py:914} INFO - Processing file /opt/airflow/dags/capstone_pipeline.py for tasks to queue
[2026-08-05T20:57:34.450+0000] {logging_mixin.py:190} INFO - [2026-08-05T20:57:34.449+0000] {dagbag.py:588} INFO - Filling up the DagBag from /opt/airflow/dags/capstone_pipeline.py
[2026-08-05T20:57:34.485+0000] {processor.py:925} INFO - DAG(s) 'reset_demo_state', 'capstone_pipeline' retrieved from /opt/airflow/dags/capstone_pipeline.py
[2026-08-05T20:57:34.530+0000] {logging_mixin.py:190} INFO - [2026-08-05T20:57:34.530+0000] {dag.py:3239} INFO - Sync 2 DAGs
[2026-08-05T20:57:34.546+0000] {logging_mixin.py:190} INFO - [2026-08-05T20:57:34.545+0000] {dag.py:4180} INFO - Setting next_dagrun for capstone_pipeline to None, run_after=None
[2026-08-05T20:57:34.555+0000] {logging_mixin.py:190} INFO - [2026-08-05T20:57:34.555+0000] {dag.py:4180} INFO - Setting next_dagrun for reset_demo_state to None, run_after=None
[2026-08-05T20:57:34.579+0000] {processor.py:208} INFO - Processing /opt/airflow/dags/capstone_pipeline.py took 0.144 seconds
[2026-08-05T20:58:23.231+0000] {processor.py:186} INFO - Started process (PID=1385) to work on /opt/airflow/dags/capstone_pipeline.py
[2026-08-05T20:58:23.233+0000] {processor.py:914} INFO - Processing file /opt/airflow/dags/capstone_pipeline.py for tasks to queue
[2026-08-05T20:58:23.236+0000] {logging_mixin.py:190} INFO - [2026-08-05T20:58:23.236+0000] {dagbag.py:588} INFO - Filling up the DagBag from /opt/airflow/dags/capstone_pipeline.py
[2026-08-05T20:58:23.266+0000] {processor.py:925} INFO - DAG(s) 'capstone_pipeline', 'reset_demo_state' retrieved from /opt/airflow/dags/capstone_pipeline.py
[2026-08-05T20:58:23.302+0000] {logging_mixin.py:190} INFO - [2026-08-05T20:58:23.302+0000] {dag.py:3239} INFO - Sync 2 DAGs
[2026-08-05T20:58:23.313+0000] {logging_mixin.py:190} INFO - [2026-08-05T20:58:23.313+0000] {dag.py:4180} INFO - Setting next_dagrun for capstone_pipeline to None, run_after=None
[2026-08-05T20:58:23.318+0000] {logging_mixin.py:190} INFO - [2026-08-05T20:58:23.318+0000] {dag.py:4180} INFO - Setting next_dagrun for reset_demo_state to None, run_after=None
[2026-08-05T20:58:23.340+0000] {processor.py:208} INFO - Processing /opt/airflow/dags/capstone_pipeline.py took 0.114 seconds
[2026-08-05T20:59:16.953+0000] {processor.py:186} INFO - Started process (PID=2078) to work on /opt/airflow/dags/capstone_pipeline.py
[2026-08-05T20:59:16.955+0000] {processor.py:914} INFO - Processing file /opt/airflow/dags/capstone_pipeline.py for tasks to queue
[2026-08-05T20:59:16.960+0000] {logging_mixin.py:190} INFO - [2026-08-05T20:59:16.959+0000] {dagbag.py:588} INFO - Filling up the DagBag from /opt/airflow/dags/capstone_pipeline.py
[2026-08-05T20:59:16.989+0000] {processor.py:925} INFO - DAG(s) 'capstone_pipeline', 'reset_demo_state' retrieved from /opt/airflow/dags/capstone_pipeline.py
[2026-08-05T20:59:17.033+0000] {logging_mixin.py:190} INFO - [2026-08-05T20:59:17.033+0000] {dag.py:3239} INFO - Sync 2 DAGs
[2026-08-05T20:59:17.053+0000] {logging_mixin.py:190} INFO - [2026-08-05T20:59:17.052+0000] {dag.py:4180} INFO - Setting next_dagrun for capstone_pipeline to None, run_after=None
[2026-08-05T20:59:17.057+0000] {logging_mixin.py:190} INFO - [2026-08-05T20:59:17.057+0000] {dag.py:4180} INFO - Setting next_dagrun for reset_demo_state to None, run_after=None
[2026-08-05T20:59:17.094+0000] {processor.py:208} INFO - Processing /opt/airflow/dags/capstone_pipeline.py took 0.147 seconds
[2026-08-05T21:00:26.659+0000] {processor.py:186} INFO - Started process (PID=2530) to work on /opt/airflow/dags/capstone_pipeline.py
[2026-08-05T21:00:26.662+0000] {processor.py:914} INFO - Processing file /opt/airflow/dags/capstone_pipeline.py for tasks to queue
[2026-08-05T21:00:26.666+0000] {logging_mixin.py:190} INFO - [2026-08-05T21:00:26.666+0000] {dagbag.py:588} INFO - Filling up the DagBag from /opt/airflow/dags/capstone_pipeline.py
[2026-08-05T21:00:26.695+0000] {processor.py:925} INFO - DAG(s) 'reset_demo_state', 'capstone_pipeline' retrieved from /opt/airflow/dags/capstone_pipeline.py
[2026-08-05T21:00:26.757+0000] {logging_mixin.py:190} INFO - [2026-08-05T21:00:26.756+0000] {dag.py:3239} INFO - Sync 2 DAGs
[2026-08-05T21:00:26.776+0000] {logging_mixin.py:190} INFO - [2026-08-05T21:00:26.775+0000] {dag.py:4180} INFO - Setting next_dagrun for capstone_pipeline to None, run_after=None
[2026-08-05T21:00:26.782+0000] {logging_mixin.py:190} INFO - [2026-08-05T21:00:26.781+0000] {dag.py:4180} INFO - Setting next_dagrun for reset_demo_state to None, run_after=None
[2026-08-05T21:00:26.813+0000] {processor.py:208} INFO - Processing /opt/airflow/dags/capstone_pipeline.py took 0.161 seconds
[2026-08-05T21:00:57.791+0000] {processor.py:186} INFO - Started process (PID=2553) to work on /opt/airflow/dags/capstone_pipeline.py
[2026-08-05T21:00:57.792+0000] {processor.py:914} INFO - Processing file /opt/airflow/dags/capstone_pipeline.py for tasks to queue
[2026-08-05T21:00:57.794+0000] {logging_mixin.py:190} INFO - [2026-08-05T21:00:57.794+0000] {dagbag.py:588} INFO - Filling up the DagBag from /opt/airflow/dags/capstone_pipeline.py
[2026-08-05T21:00:57.808+0000] {processor.py:925} INFO - DAG(s) 'capstone_pipeline', 'reset_demo_state' retrieved from /opt/airflow/dags/capstone_pipeline.py
[2026-08-05T21:00:57.847+0000] {logging_mixin.py:190} INFO - [2026-08-05T21:00:57.847+0000] {dag.py:3239} INFO - Sync 2 DAGs
[2026-08-05T21:00:57.867+0000] {logging_mixin.py:190} INFO - [2026-08-05T21:00:57.867+0000] {dag.py:4180} INFO - Setting next_dagrun for capstone_pipeline to None, run_after=None
[2026-08-05T21:00:57.871+0000] {logging_mixin.py:190} INFO - [2026-08-05T21:00:57.871+0000] {dag.py:4180} INFO - Setting next_dagrun for reset_demo_state to None, run_after=None
[2026-08-05T21:00:57.900+0000] {processor.py:208} INFO - Processing /opt/airflow/dags/capstone_pipeline.py took 0.113 seconds
[2026-08-05T21:01:28.067+0000] {processor.py:186} INFO - Started process (PID=2568) to work on /opt/airflow/dags/capstone_pipeline.py
[2026-08-05T21:01:28.070+0000] {processor.py:914} INFO - Processing file /opt/airflow/dags/capstone_pipeline.py for tasks to queue
[2026-08-05T21:01:28.074+0000] {logging_mixin.py:190} INFO - [2026-08-05T21:01:28.073+0000] {dagbag.py:588} INFO - Filling up the DagBag from /opt/airflow/dags/capstone_pipeline.py
[2026-08-05T21:01:28.109+0000] {processor.py:925} INFO - DAG(s) 'reset_demo_state', 'capstone_pipeline' retrieved from /opt/airflow/dags/capstone_pipeline.py
[2026-08-05T21:01:28.176+0000] {logging_mixin.py:190} INFO - [2026-08-05T21:01:28.175+0000] {dag.py:3239} INFO - Sync 2 DAGs
[2026-08-05T21:01:28.192+0000] {logging_mixin.py:190} INFO - [2026-08-05T21:01:28.192+0000] {dag.py:4180} INFO - Setting next_dagrun for capstone_pipeline to None, run_after=None
[2026-08-05T21:01:28.197+0000] {logging_mixin.py:190} INFO - [2026-08-05T21:01:28.197+0000] {dag.py:4180} INFO - Setting next_dagrun for reset_demo_state to None, run_after=None
[2026-08-05T21:01:28.231+0000] {processor.py:208} INFO - Processing /opt/airflow/dags/capstone_pipeline.py took 0.172 seconds
[2026-08-05T21:01:58.337+0000] {processor.py:186} INFO - Started process (PID=2582) to work on /opt/airflow/dags/capstone_pipeline.py
[2026-08-05T21:01:58.340+0000] {processor.py:914} INFO - Processing file /opt/airflow/dags/capstone_pipeline.py for tasks to queue
[2026-08-05T21:01:58.343+0000] {logging_mixin.py:190} INFO - [2026-08-05T21:01:58.343+0000] {dagbag.py:588} INFO - Filling up the DagBag from /opt/airflow/dags/capstone_pipeline.py
[2026-08-05T21:01:58.374+0000] {processor.py:925} INFO - DAG(s) 'reset_demo_state', 'capstone_pipeline' retrieved from /opt/airflow/dags/capstone_pipeline.py
[2026-08-05T21:01:58.429+0000] {logging_mixin.py:190} INFO - [2026-08-05T21:01:58.429+0000] {dag.py:3239} INFO - Sync 2 DAGs
[2026-08-05T21:01:58.447+0000] {logging_mixin.py:190} INFO - [2026-08-05T21:01:58.447+0000] {dag.py:4180} INFO - Setting next_dagrun for capstone_pipeline to None, run_after=None
[2026-08-05T21:01:58.452+0000] {logging_mixin.py:190} INFO - [2026-08-05T21:01:58.451+0000] {dag.py:4180} INFO - Setting next_dagrun for reset_demo_state to None, run_after=None
[2026-08-05T21:01:58.483+0000] {processor.py:208} INFO - Processing /opt/airflow/dags/capstone_pipeline.py took 0.152 seconds
[2026-08-05T21:03:07.298+0000] {processor.py:186} INFO - Started process (PID=2756) to work on /opt/airflow/dags/capstone_pipeline.py
[2026-08-05T21:03:07.301+0000] {processor.py:914} INFO - Processing file /opt/airflow/dags/capstone_pipeline.py for tasks to queue
[2026-08-05T21:03:07.306+0000] {logging_mixin.py:190} INFO - [2026-08-05T21:03:07.304+0000] {dagbag.py:588} INFO - Filling up the DagBag from /opt/airflow/dags/capstone_pipeline.py
[2026-08-05T21:03:07.359+0000] {processor.py:925} INFO - DAG(s) 'capstone_pipeline', 'reset_demo_state' retrieved from /opt/airflow/dags/capstone_pipeline.py
[2026-08-05T21:03:07.493+0000] {logging_mixin.py:190} INFO - [2026-08-05T21:03:07.492+0000] {dag.py:3239} INFO - Sync 2 DAGs
[2026-08-05T21:03:07.533+0000] {logging_mixin.py:190} INFO - [2026-08-05T21:03:07.533+0000] {dag.py:4180} INFO - Setting next_dagrun for capstone_pipeline to None, run_after=None
[2026-08-05T21:03:07.541+0000] {logging_mixin.py:190} INFO - [2026-08-05T21:03:07.541+0000] {dag.py:4180} INFO - Setting next_dagrun for reset_demo_state to None, run_after=None
[2026-08-05T21:03:07.587+0000] {processor.py:208} INFO - Processing /opt/airflow/dags/capstone_pipeline.py took 0.295 seconds
[2026-08-05T21:03:37.935+0000] {processor.py:186} INFO - Started process (PID=2765) to work on /opt/airflow/dags/capstone_pipeline.py
[2026-08-05T21:03:37.937+0000] {processor.py:914} INFO - Processing file /opt/airflow/dags/capstone_pipeline.py for tasks to queue
[2026-08-05T21:03:37.939+0000] {logging_mixin.py:190} INFO - [2026-08-05T21:03:37.939+0000] {dagbag.py:588} INFO - Filling up the DagBag from /opt/airflow/dags/capstone_pipeline.py
[2026-08-05T21:03:37.967+0000] {processor.py:925} INFO - DAG(s) 'reset_demo_state', 'capstone_pipeline' retrieved from /opt/airflow/dags/capstone_pipeline.py
[2026-08-05T21:03:38.010+0000] {logging_mixin.py:190} INFO - [2026-08-05T21:03:38.010+0000] {dag.py:3239} INFO - Sync 2 DAGs
[2026-08-05T21:03:38.023+0000] {logging_mixin.py:190} INFO - [2026-08-05T21:03:38.023+0000] {dag.py:4180} INFO - Setting next_dagrun for capstone_pipeline to None, run_after=None
[2026-08-05T21:03:38.026+0000] {logging_mixin.py:190} INFO - [2026-08-05T21:03:38.026+0000] {dag.py:4180} INFO - Setting next_dagrun for reset_demo_state to None, run_after=None
[2026-08-05T21:03:38.049+0000] {processor.py:208} INFO - Processing /opt/airflow/dags/capstone_pipeline.py took 0.119 seconds
[2026-08-05T21:04:08.305+0000] {processor.py:186} INFO - Started process (PID=2919) to work on /opt/airflow/dags/capstone_pipeline.py
[2026-08-05T21:04:08.311+0000] {processor.py:914} INFO - Processing file /opt/airflow/dags/capstone_pipeline.py for tasks to queue
[2026-08-05T21:04:08.314+0000] {logging_mixin.py:190} INFO - [2026-08-05T21:04:08.314+0000] {dagbag.py:588} INFO - Filling up the DagBag from /opt/airflow/dags/capstone_pipeline.py
[2026-08-05T21:04:08.337+0000] {processor.py:925} INFO - DAG(s) 'capstone_pipeline', 'reset_demo_state' retrieved from /opt/airflow/dags/capstone_pipeline.py
[2026-08-05T21:04:08.376+0000] {logging_mixin.py:190} INFO - [2026-08-05T21:04:08.376+0000] {dag.py:3239} INFO - Sync 2 DAGs
[2026-08-05T21:04:08.387+0000] {logging_mixin.py:190} INFO - [2026-08-05T21:04:08.387+0000] {dag.py:4180} INFO - Setting next_dagrun for capstone_pipeline to None, run_after=None
[2026-08-05T21:04:08.391+0000] {logging_mixin.py:190} INFO - [2026-08-05T21:04:08.390+0000] {dag.py:4180} INFO - Setting next_dagrun for reset_demo_state to None, run_after=None
[2026-08-05T21:04:08.414+0000] {processor.py:208} INFO - Processing /opt/airflow/dags/capstone_pipeline.py took 0.114 seconds
[2026-08-05T21:04:38.490+0000] {processor.py:186} INFO - Started process (PID=2928) to work on /opt/airflow/dags/capstone_pipeline.py
[2026-08-05T21:04:38.492+0000] {processor.py:914} INFO - Processing file /opt/airflow/dags/capstone_pipeline.py for tasks to queue
[2026-08-05T21:04:38.493+0000] {logging_mixin.py:190} INFO - [2026-08-05T21:04:38.493+0000] {dagbag.py:588} INFO - Filling up the DagBag from /opt/airflow/dags/capstone_pipeline.py
[2026-08-05T21:04:38.524+0000] {processor.py:925} INFO - DAG(s) 'capstone_pipeline', 'reset_demo_state' retrieved from /opt/airflow/dags/capstone_pipeline.py
[2026-08-05T21:04:38.557+0000] {logging_mixin.py:190} INFO - [2026-08-05T21:04:38.557+0000] {dag.py:3239} INFO - Sync 2 DAGs
[2026-08-05T21:04:38.566+0000] {logging_mixin.py:190} INFO - [2026-08-05T21:04:38.566+0000] {dag.py:4180} INFO - Setting next_dagrun for capstone_pipeline to None, run_after=None
[2026-08-05T21:04:38.570+0000] {logging_mixin.py:190} INFO - [2026-08-05T21:04:38.569+0000] {dag.py:4180} INFO - Setting next_dagrun for reset_demo_state to None, run_after=None
[2026-08-05T21:04:38.597+0000] {processor.py:208} INFO - Processing /opt/airflow/dags/capstone_pipeline.py took 0.111 seconds
[2026-08-05T21:05:08.762+0000] {processor.py:186} INFO - Started process (PID=2936) to work on /opt/airflow/dags/capstone_pipeline.py
[2026-08-05T21:05:08.764+0000] {processor.py:914} INFO - Processing file /opt/airflow/dags/capstone_pipeline.py for tasks to queue
[2026-08-05T21:05:08.766+0000] {logging_mixin.py:190} INFO - [2026-08-05T21:05:08.765+0000] {dagbag.py:588} INFO - Filling up the DagBag from /opt/airflow/dags/capstone_pipeline.py
[2026-08-05T21:05:08.790+0000] {processor.py:925} INFO - DAG(s) 'capstone_pipeline', 'reset_demo_state' retrieved from /opt/airflow/dags/capstone_pipeline.py
[2026-08-05T21:05:08.825+0000] {logging_mixin.py:190} INFO - [2026-08-05T21:05:08.825+0000] {dag.py:3239} INFO - Sync 2 DAGs
[2026-08-05T21:05:08.836+0000] {logging_mixin.py:190} INFO - [2026-08-05T21:05:08.836+0000] {dag.py:4180} INFO - Setting next_dagrun for capstone_pipeline to None, run_after=None
[2026-08-05T21:05:08.840+0000] {logging_mixin.py:190} INFO - [2026-08-05T21:05:08.839+0000] {dag.py:4180} INFO - Setting next_dagrun for reset_demo_state to None, run_after=None
[2026-08-05T21:05:08.875+0000] {processor.py:208} INFO - Processing /opt/airflow/dags/capstone_pipeline.py took 0.117 seconds
[2026-08-05T21:05:39.031+0000] {processor.py:186} INFO - Started process (PID=2950) to work on /opt/airflow/dags/capstone_pipeline.py
[2026-08-05T21:05:39.034+0000] {processor.py:914} INFO - Processing file /opt/airflow/dags/capstone_pipeline.py for tasks to queue
[2026-08-05T21:05:39.037+0000] {logging_mixin.py:190} INFO - [2026-08-05T21:05:39.036+0000] {dagbag.py:588} INFO - Filling up the DagBag from /opt/airflow/dags/capstone_pipeline.py
[2026-08-05T21:05:39.063+0000] {processor.py:925} INFO - DAG(s) 'reset_demo_state', 'capstone_pipeline' retrieved from /opt/airflow/dags/capstone_pipeline.py
[2026-08-05T21:05:39.118+0000] {logging_mixin.py:190} INFO - [2026-08-05T21:05:39.118+0000] {dag.py:3239} INFO - Sync 2 DAGs
[2026-08-05T21:05:39.133+0000] {logging_mixin.py:190} INFO - [2026-08-05T21:05:39.133+0000] {dag.py:4180} INFO - Setting next_dagrun for capstone_pipeline to None, run_after=None
[2026-08-05T21:05:39.137+0000] {logging_mixin.py:190} INFO - [2026-08-05T21:05:39.137+0000] {dag.py:4180} INFO - Setting next_dagrun for reset_demo_state to None, run_after=None
[2026-08-05T21:05:39.164+0000] {processor.py:208} INFO - Processing /opt/airflow/dags/capstone_pipeline.py took 0.140 seconds
[2026-08-05T21:06:23.027+0000] {processor.py:186} INFO - Started process (PID=3241) to work on /opt/airflow/dags/capstone_pipeline.py
[2026-08-05T21:06:23.029+0000] {processor.py:914} INFO - Processing file /opt/airflow/dags/capstone_pipeline.py for tasks to queue
[2026-08-05T21:06:23.030+0000] {logging_mixin.py:190} INFO - [2026-08-05T21:06:23.030+0000] {dagbag.py:588} INFO - Filling up the DagBag from /opt/airflow/dags/capstone_pipeline.py
[2026-08-05T21:06:23.046+0000] {processor.py:925} INFO - DAG(s) 'reset_demo_state', 'capstone_pipeline' retrieved from /opt/airflow/dags/capstone_pipeline.py
[2026-08-05T21:06:23.085+0000] {logging_mixin.py:190} INFO - [2026-08-05T21:06:23.085+0000] {dag.py:3239} INFO - Sync 2 DAGs
[2026-08-05T21:06:23.123+0000] {logging_mixin.py:190} INFO - [2026-08-05T21:06:23.122+0000] {dag.py:4180} INFO - Setting next_dagrun for capstone_pipeline to None, run_after=None
[2026-08-05T21:06:23.125+0000] {logging_mixin.py:190} INFO - [2026-08-05T21:06:23.125+0000] {dag.py:4180} INFO - Setting next_dagrun for reset_demo_state to None, run_after=None
[2026-08-05T21:06:23.146+0000] {processor.py:208} INFO - Processing /opt/airflow/dags/capstone_pipeline.py took 0.124 seconds
[2026-08-05T21:07:45.853+0000] {processor.py:186} INFO - Started process (PID=3443) to work on /opt/airflow/dags/capstone_pipeline.py
[2026-08-05T21:07:45.854+0000] {processor.py:914} INFO - Processing file /opt/airflow/dags/capstone_pipeline.py for tasks to queue
[2026-08-05T21:07:45.856+0000] {logging_mixin.py:190} INFO - [2026-08-05T21:07:45.856+0000] {dagbag.py:588} INFO - Filling up the DagBag from /opt/airflow/dags/capstone_pipeline.py
[2026-08-05T21:07:45.872+0000] {processor.py:925} INFO - DAG(s) 'capstone_pipeline', 'reset_demo_state' retrieved from /opt/airflow/dags/capstone_pipeline.py
[2026-08-05T21:07:45.914+0000] {logging_mixin.py:190} INFO - [2026-08-05T21:07:45.914+0000] {dag.py:3239} INFO - Sync 2 DAGs
[2026-08-05T21:07:45.926+0000] {logging_mixin.py:190} INFO - [2026-08-05T21:07:45.926+0000] {dag.py:4180} INFO - Setting next_dagrun for capstone_pipeline to None, run_after=None
[2026-08-05T21:07:45.930+0000] {logging_mixin.py:190} INFO - [2026-08-05T21:07:45.930+0000] {dag.py:4180} INFO - Setting next_dagrun for reset_demo_state to None, run_after=None
[2026-08-05T21:07:45.954+0000] {processor.py:208} INFO - Processing /opt/airflow/dags/capstone_pipeline.py took 0.105 seconds
[2026-08-05T21:08:16.961+0000] {processor.py:186} INFO - Started process (PID=3465) to work on /opt/airflow/dags/capstone_pipeline.py
[2026-08-05T21:08:16.963+0000] {processor.py:914} INFO - Processing file /opt/airflow/dags/capstone_pipeline.py for tasks to queue
[2026-08-05T21:08:16.966+0000] {logging_mixin.py:190} INFO - [2026-08-05T21:08:16.966+0000] {dagbag.py:588} INFO - Filling up the DagBag from /opt/airflow/dags/capstone_pipeline.py
[2026-08-05T21:08:16.987+0000] {processor.py:925} INFO - DAG(s) 'reset_demo_state', 'capstone_pipeline' retrieved from /opt/airflow/dags/capstone_pipeline.py
[2026-08-05T21:08:17.036+0000] {logging_mixin.py:190} INFO - [2026-08-05T21:08:17.036+0000] {dag.py:3239} INFO - Sync 2 DAGs
[2026-08-05T21:08:17.048+0000] {logging_mixin.py:190} INFO - [2026-08-05T21:08:17.048+0000] {dag.py:4180} INFO - Setting next_dagrun for capstone_pipeline to None, run_after=None
[2026-08-05T21:08:17.051+0000] {logging_mixin.py:190} INFO - [2026-08-05T21:08:17.051+0000] {dag.py:4180} INFO - Setting next_dagrun for reset_demo_state to None, run_after=None
[2026-08-05T21:08:17.075+0000] {processor.py:208} INFO - Processing /opt/airflow/dags/capstone_pipeline.py took 0.120 seconds
[2026-08-05T21:08:47.221+0000] {processor.py:186} INFO - Started process (PID=3581) to work on /opt/airflow/dags/capstone_pipeline.py
[2026-08-05T21:08:47.223+0000] {processor.py:914} INFO - Processing file /opt/airflow/dags/capstone_pipeline.py for tasks to queue
[2026-08-05T21:08:47.225+0000] {logging_mixin.py:190} INFO - [2026-08-05T21:08:47.224+0000] {dagbag.py:588} INFO - Filling up the DagBag from /opt/airflow/dags/capstone_pipeline.py
[2026-08-05T21:08:47.246+0000] {processor.py:925} INFO - DAG(s) 'capstone_pipeline', 'reset_demo_state' retrieved from /opt/airflow/dags/capstone_pipeline.py
[2026-08-05T21:08:47.280+0000] {logging_mixin.py:190} INFO - [2026-08-05T21:08:47.280+0000] {dag.py:3239} INFO - Sync 2 DAGs
[2026-08-05T21:08:47.289+0000] {logging_mixin.py:190} INFO - [2026-08-05T21:08:47.289+0000] {dag.py:4180} INFO - Setting next_dagrun for capstone_pipeline to None, run_after=None
[2026-08-05T21:08:47.292+0000] {logging_mixin.py:190} INFO - [2026-08-05T21:08:47.292+0000] {dag.py:4180} INFO - Setting next_dagrun for reset_demo_state to None, run_after=None
[2026-08-05T21:08:47.317+0000] {processor.py:208} INFO - Processing /opt/airflow/dags/capstone_pipeline.py took 0.100 seconds
[2026-08-05T21:09:17.484+0000] {processor.py:186} INFO - Started process (PID=3596) to work on /opt/airflow/dags/capstone_pipeline.py
[2026-08-05T21:09:17.486+0000] {processor.py:914} INFO - Processing file /opt/airflow/dags/capstone_pipeline.py for tasks to queue
[2026-08-05T21:09:17.488+0000] {logging_mixin.py:190} INFO - [2026-08-05T21:09:17.488+0000] {dagbag.py:588} INFO - Filling up the DagBag from /opt/airflow/dags/capstone_pipeline.py
[2026-08-05T21:09:17.509+0000] {processor.py:925} INFO - DAG(s) 'capstone_pipeline', 'reset_demo_state' retrieved from /opt/airflow/dags/capstone_pipeline.py
[2026-08-05T21:09:17.546+0000] {logging_mixin.py:190} INFO - [2026-08-05T21:09:17.546+0000] {dag.py:3239} INFO - Sync 2 DAGs
[2026-08-05T21:09:17.556+0000] {logging_mixin.py:190} INFO - [2026-08-05T21:09:17.556+0000] {dag.py:4180} INFO - Setting next_dagrun for capstone_pipeline to None, run_after=None
[2026-08-05T21:09:17.558+0000] {logging_mixin.py:190} INFO - [2026-08-05T21:09:17.558+0000] {dag.py:4180} INFO - Setting next_dagrun for reset_demo_state to None, run_after=None
[2026-08-05T21:09:17.583+0000] {processor.py:208} INFO - Processing /opt/airflow/dags/capstone_pipeline.py took 0.103 seconds
[2026-08-05T21:10:08.641+0000] {processor.py:186} INFO - Started process (PID=3872) to work on /opt/airflow/dags/capstone_pipeline.py
[2026-08-05T21:10:08.644+0000] {processor.py:914} INFO - Processing file /opt/airflow/dags/capstone_pipeline.py for tasks to queue
[2026-08-05T21:10:08.647+0000] {logging_mixin.py:190} INFO - [2026-08-05T21:10:08.646+0000] {dagbag.py:588} INFO - Filling up the DagBag from /opt/airflow/dags/capstone_pipeline.py
[2026-08-05T21:10:08.675+0000] {processor.py:925} INFO - DAG(s) 'reset_demo_state', 'capstone_pipeline' retrieved from /opt/airflow/dags/capstone_pipeline.py
[2026-08-05T21:10:08.750+0000] {logging_mixin.py:190} INFO - [2026-08-05T21:10:08.749+0000] {dag.py:3239} INFO - Sync 2 DAGs
[2026-08-05T21:10:08.764+0000] {logging_mixin.py:190} INFO - [2026-08-05T21:10:08.763+0000] {dag.py:4180} INFO - Setting next_dagrun for capstone_pipeline to None, run_after=None
[2026-08-05T21:10:08.768+0000] {logging_mixin.py:190} INFO - [2026-08-05T21:10:08.768+0000] {dag.py:4180} INFO - Setting next_dagrun for reset_demo_state to None, run_after=None
[2026-08-05T21:10:08.802+0000] {processor.py:208} INFO - Processing /opt/airflow/dags/capstone_pipeline.py took 0.169 seconds
[2026-08-05T21:11:31.993+0000] {processor.py:186} INFO - Started process (PID=4060) to work on /opt/airflow/dags/capstone_pipeline.py
[2026-08-05T21:11:31.996+0000] {processor.py:914} INFO - Processing file /opt/airflow/dags/capstone_pipeline.py for tasks to queue
[2026-08-05T21:11:31.999+0000] {logging_mixin.py:190} INFO - [2026-08-05T21:11:31.998+0000] {dagbag.py:588} INFO - Filling up the DagBag from /opt/airflow/dags/capstone_pipeline.py
[2026-08-05T21:11:32.026+0000] {processor.py:925} INFO - DAG(s) 'reset_demo_state', 'capstone_pipeline' retrieved from /opt/airflow/dags/capstone_pipeline.py
[2026-08-05T21:11:32.094+0000] {logging_mixin.py:190} INFO - [2026-08-05T21:11:32.093+0000] {dag.py:3239} INFO - Sync 2 DAGs
[2026-08-05T21:11:32.110+0000] {logging_mixin.py:190} INFO - [2026-08-05T21:11:32.110+0000] {dag.py:4180} INFO - Setting next_dagrun for capstone_pipeline to None, run_after=None
[2026-08-05T21:11:32.114+0000] {logging_mixin.py:190} INFO - [2026-08-05T21:11:32.114+0000] {dag.py:4180} INFO - Setting next_dagrun for reset_demo_state to None, run_after=None
[2026-08-05T21:11:32.144+0000] {processor.py:208} INFO - Processing /opt/airflow/dags/capstone_pipeline.py took 0.158 seconds
[2026-08-05T21:12:03.114+0000] {processor.py:186} INFO - Started process (PID=4156) to work on /opt/airflow/dags/capstone_pipeline.py
[2026-08-05T21:12:03.116+0000] {processor.py:914} INFO - Processing file /opt/airflow/dags/capstone_pipeline.py for tasks to queue
[2026-08-05T21:12:03.118+0000] {logging_mixin.py:190} INFO - [2026-08-05T21:12:03.118+0000] {dagbag.py:588} INFO - Filling up the DagBag from /opt/airflow/dags/capstone_pipeline.py
[2026-08-05T21:12:03.142+0000] {processor.py:925} INFO - DAG(s) 'capstone_pipeline', 'reset_demo_state' retrieved from /opt/airflow/dags/capstone_pipeline.py
[2026-08-05T21:12:03.199+0000] {logging_mixin.py:190} INFO - [2026-08-05T21:12:03.198+0000] {dag.py:3239} INFO - Sync 2 DAGs
[2026-08-05T21:12:03.210+0000] {logging_mixin.py:190} INFO - [2026-08-05T21:12:03.210+0000] {dag.py:4180} INFO - Setting next_dagrun for capstone_pipeline to None, run_after=None
[2026-08-05T21:12:03.213+0000] {logging_mixin.py:190} INFO - [2026-08-05T21:12:03.213+0000] {dag.py:4180} INFO - Setting next_dagrun for reset_demo_state to None, run_after=None
[2026-08-05T21:12:03.239+0000] {processor.py:208} INFO - Processing /opt/airflow/dags/capstone_pipeline.py took 0.131 seconds
[2026-08-05T21:12:33.414+0000] {processor.py:186} INFO - Started process (PID=4212) to work on /opt/airflow/dags/capstone_pipeline.py
[2026-08-05T21:12:33.416+0000] {processor.py:914} INFO - Processing file /opt/airflow/dags/capstone_pipeline.py for tasks to queue
[2026-08-05T21:12:33.418+0000] {logging_mixin.py:190} INFO - [2026-08-05T21:12:33.417+0000] {dagbag.py:588} INFO - Filling up the DagBag from /opt/airflow/dags/capstone_pipeline.py
[2026-08-05T21:12:33.436+0000] {processor.py:925} INFO - DAG(s) 'capstone_pipeline', 'reset_demo_state' retrieved from /opt/airflow/dags/capstone_pipeline.py
[2026-08-05T21:12:33.474+0000] {logging_mixin.py:190} INFO - [2026-08-05T21:12:33.473+0000] {dag.py:3239} INFO - Sync 2 DAGs
[2026-08-05T21:12:33.485+0000] {logging_mixin.py:190} INFO - [2026-08-05T21:12:33.485+0000] {dag.py:4180} INFO - Setting next_dagrun for capstone_pipeline to None, run_after=None
[2026-08-05T21:12:33.488+0000] {logging_mixin.py:190} INFO - [2026-08-05T21:12:33.488+0000] {dag.py:4180} INFO - Setting next_dagrun for reset_demo_state to None, run_after=None
[2026-08-05T21:12:33.510+0000] {processor.py:208} INFO - Processing /opt/airflow/dags/capstone_pipeline.py took 0.101 seconds
[2026-08-05T21:13:03.651+0000] {processor.py:186} INFO - Started process (PID=4220) to work on /opt/airflow/dags/capstone_pipeline.py
[2026-08-05T21:13:03.652+0000] {processor.py:914} INFO - Processing file /opt/airflow/dags/capstone_pipeline.py for tasks to queue
[2026-08-05T21:13:03.654+0000] {logging_mixin.py:190} INFO - [2026-08-05T21:13:03.654+0000] {dagbag.py:588} INFO - Filling up the DagBag from /opt/airflow/dags/capstone_pipeline.py
[2026-08-05T21:13:03.674+0000] {processor.py:925} INFO - DAG(s) 'capstone_pipeline', 'reset_demo_state' retrieved from /opt/airflow/dags/capstone_pipeline.py
[2026-08-05T21:13:03.709+0000] {logging_mixin.py:190} INFO - [2026-08-05T21:13:03.709+0000] {dag.py:3239} INFO - Sync 2 DAGs
[2026-08-05T21:13:03.718+0000] {logging_mixin.py:190} INFO - [2026-08-05T21:13:03.718+0000] {dag.py:4180} INFO - Setting next_dagrun for capstone_pipeline to None, run_after=None
[2026-08-05T21:13:03.721+0000] {logging_mixin.py:190} INFO - [2026-08-05T21:13:03.721+0000] {dag.py:4180} INFO - Setting next_dagrun for reset_demo_state to None, run_after=None
[2026-08-05T21:13:03.743+0000] {processor.py:208} INFO - Processing /opt/airflow/dags/capstone_pipeline.py took 0.097 seconds
[2026-08-05T21:13:33.885+0000] {processor.py:186} INFO - Started process (PID=4228) to work on /opt/airflow/dags/capstone_pipeline.py
[2026-08-05T21:13:33.887+0000] {processor.py:914} INFO - Processing file /opt/airflow/dags/capstone_pipeline.py for tasks to queue
[2026-08-05T21:13:33.888+0000] {logging_mixin.py:190} INFO - [2026-08-05T21:13:33.888+0000] {dagbag.py:588} INFO - Filling up the DagBag from /opt/airflow/dags/capstone_pipeline.py
[2026-08-05T21:13:33.902+0000] {processor.py:925} INFO - DAG(s) 'reset_demo_state', 'capstone_pipeline' retrieved from /opt/airflow/dags/capstone_pipeline.py
[2026-08-05T21:13:33.934+0000] {logging_mixin.py:190} INFO - [2026-08-05T21:13:33.933+0000] {dag.py:3239} INFO - Sync 2 DAGs
[2026-08-05T21:13:33.943+0000] {logging_mixin.py:190} INFO - [2026-08-05T21:13:33.943+0000] {dag.py:4180} INFO - Setting next_dagrun for capstone_pipeline to None, run_after=None
[2026-08-05T21:13:33.946+0000] {logging_mixin.py:190} INFO - [2026-08-05T21:13:33.946+0000] {dag.py:4180} INFO - Setting next_dagrun for reset_demo_state to None, run_after=None
[2026-08-05T21:13:33.966+0000] {processor.py:208} INFO - Processing /opt/airflow/dags/capstone_pipeline.py took 0.085 seconds
[2026-08-05T21:14:04.153+0000] {processor.py:186} INFO - Started process (PID=4243) to work on /opt/airflow/dags/capstone_pipeline.py
[2026-08-05T21:14:04.155+0000] {processor.py:914} INFO - Processing file /opt/airflow/dags/capstone_pipeline.py for tasks to queue
[2026-08-05T21:14:04.156+0000] {logging_mixin.py:190} INFO - [2026-08-05T21:14:04.156+0000] {dagbag.py:588} INFO - Filling up the DagBag from /opt/airflow/dags/capstone_pipeline.py
[2026-08-05T21:14:04.170+0000] {processor.py:925} INFO - DAG(s) 'capstone_pipeline', 'reset_demo_state' retrieved from /opt/airflow/dags/capstone_pipeline.py
[2026-08-05T21:14:04.204+0000] {logging_mixin.py:190} INFO - [2026-08-05T21:14:04.204+0000] {dag.py:3239} INFO - Sync 2 DAGs
[2026-08-05T21:14:04.213+0000] {logging_mixin.py:190} INFO - [2026-08-05T21:14:04.213+0000] {dag.py:4180} INFO - Setting next_dagrun for capstone_pipeline to None, run_after=None
[2026-08-05T21:14:04.216+0000] {logging_mixin.py:190} INFO - [2026-08-05T21:14:04.216+0000] {dag.py:4180} INFO - Setting next_dagrun for reset_demo_state to None, run_after=None
[2026-08-05T21:14:04.237+0000] {processor.py:208} INFO - Processing /opt/airflow/dags/capstone_pipeline.py took 0.088 seconds
[2026-08-05T21:14:34.474+0000] {processor.py:186} INFO - Started process (PID=4251) to work on /opt/airflow/dags/capstone_pipeline.py
[2026-08-05T21:14:34.475+0000] {processor.py:914} INFO - Processing file /opt/airflow/dags/capstone_pipeline.py for tasks to queue
[2026-08-05T21:14:34.477+0000] {logging_mixin.py:190} INFO - [2026-08-05T21:14:34.477+0000] {dagbag.py:588} INFO - Filling up the DagBag from /opt/airflow/dags/capstone_pipeline.py
[2026-08-05T21:14:34.490+0000] {processor.py:925} INFO - DAG(s) 'capstone_pipeline', 'reset_demo_state' retrieved from /opt/airflow/dags/capstone_pipeline.py
[2026-08-05T21:14:34.522+0000] {logging_mixin.py:190} INFO - [2026-08-05T21:14:34.522+0000] {dag.py:3239} INFO - Sync 2 DAGs
[2026-08-05T21:14:34.532+0000] {logging_mixin.py:190} INFO - [2026-08-05T21:14:34.531+0000] {dag.py:4180} INFO - Setting next_dagrun for capstone_pipeline to None, run_after=None
[2026-08-05T21:14:34.535+0000] {logging_mixin.py:190} INFO - [2026-08-05T21:14:34.534+0000] {dag.py:4180} INFO - Setting next_dagrun for reset_demo_state to None, run_after=None
[2026-08-05T21:14:34.557+0000] {processor.py:208} INFO - Processing /opt/airflow/dags/capstone_pipeline.py took 0.088 seconds
[2026-08-05T21:15:04.764+0000] {processor.py:186} INFO - Started process (PID=4259) to work on /opt/airflow/dags/capstone_pipeline.py
[2026-08-05T21:15:04.766+0000] {processor.py:914} INFO - Processing file /opt/airflow/dags/capstone_pipeline.py for tasks to queue
[2026-08-05T21:15:04.769+0000] {logging_mixin.py:190} INFO - [2026-08-05T21:15:04.769+0000] {dagbag.py:588} INFO - Filling up the DagBag from /opt/airflow/dags/capstone_pipeline.py
[2026-08-05T21:15:04.799+0000] {processor.py:925} INFO - DAG(s) 'reset_demo_state', 'capstone_pipeline' retrieved from /opt/airflow/dags/capstone_pipeline.py
[2026-08-05T21:15:04.838+0000] {logging_mixin.py:190} INFO - [2026-08-05T21:15:04.838+0000] {dag.py:3239} INFO - Sync 2 DAGs
[2026-08-05T21:15:04.848+0000] {logging_mixin.py:190} INFO - [2026-08-05T21:15:04.848+0000] {dag.py:4180} INFO - Setting next_dagrun for capstone_pipeline to None, run_after=None
[2026-08-05T21:15:04.852+0000] {logging_mixin.py:190} INFO - [2026-08-05T21:15:04.852+0000] {dag.py:4180} INFO - Setting next_dagrun for reset_demo_state to None, run_after=None
[2026-08-05T21:15:04.876+0000] {processor.py:208} INFO - Processing /opt/airflow/dags/capstone_pipeline.py took 0.117 seconds
[2026-08-05T21:15:35.037+0000] {processor.py:186} INFO - Started process (PID=4381) to work on /opt/airflow/dags/capstone_pipeline.py
[2026-08-05T21:15:35.039+0000] {processor.py:914} INFO - Processing file /opt/airflow/dags/capstone_pipeline.py for tasks to queue
[2026-08-05T21:15:35.041+0000] {logging_mixin.py:190} INFO - [2026-08-05T21:15:35.040+0000] {dagbag.py:588} INFO - Filling up the DagBag from /opt/airflow/dags/capstone_pipeline.py
[2026-08-05T21:15:35.064+0000] {processor.py:925} INFO - DAG(s) 'reset_demo_state', 'capstone_pipeline' retrieved from /opt/airflow/dags/capstone_pipeline.py
[2026-08-05T21:15:35.112+0000] {logging_mixin.py:190} INFO - [2026-08-05T21:15:35.112+0000] {dag.py:3239} INFO - Sync 2 DAGs
[2026-08-05T21:15:35.125+0000] {logging_mixin.py:190} INFO - [2026-08-05T21:15:35.124+0000] {dag.py:4180} INFO - Setting next_dagrun for capstone_pipeline to None, run_after=None
[2026-08-05T21:15:35.130+0000] {logging_mixin.py:190} INFO - [2026-08-05T21:15:35.130+0000] {dag.py:4180} INFO - Setting next_dagrun for reset_demo_state to None, run_after=None
[2026-08-05T21:15:35.157+0000] {processor.py:208} INFO - Processing /opt/airflow/dags/capstone_pipeline.py took 0.127 seconds
[2026-08-05T21:16:05.307+0000] {processor.py:186} INFO - Started process (PID=4390) to work on /opt/airflow/dags/capstone_pipeline.py
[2026-08-05T21:16:05.309+0000] {processor.py:914} INFO - Processing file /opt/airflow/dags/capstone_pipeline.py for tasks to queue
[2026-08-05T21:16:05.312+0000] {logging_mixin.py:190} INFO - [2026-08-05T21:16:05.311+0000] {dagbag.py:588} INFO - Filling up the DagBag from /opt/airflow/dags/capstone_pipeline.py
[2026-08-05T21:16:05.335+0000] {processor.py:925} INFO - DAG(s) 'capstone_pipeline', 'reset_demo_state' retrieved from /opt/airflow/dags/capstone_pipeline.py
[2026-08-05T21:16:05.384+0000] {logging_mixin.py:190} INFO - [2026-08-05T21:16:05.384+0000] {dag.py:3239} INFO - Sync 2 DAGs
[2026-08-05T21:16:05.397+0000] {logging_mixin.py:190} INFO - [2026-08-05T21:16:05.397+0000] {dag.py:4180} INFO - Setting next_dagrun for capstone_pipeline to None, run_after=None
[2026-08-05T21:16:05.402+0000] {logging_mixin.py:190} INFO - [2026-08-05T21:16:05.402+0000] {dag.py:4180} INFO - Setting next_dagrun for reset_demo_state to None, run_after=None
[2026-08-05T21:16:05.435+0000] {processor.py:208} INFO - Processing /opt/airflow/dags/capstone_pipeline.py took 0.135 seconds
[2026-08-05T21:16:35.619+0000] {processor.py:186} INFO - Started process (PID=4506) to work on /opt/airflow/dags/capstone_pipeline.py
[2026-08-05T21:16:35.622+0000] {processor.py:914} INFO - Processing file /opt/airflow/dags/capstone_pipeline.py for tasks to queue
[2026-08-05T21:16:35.624+0000] {logging_mixin.py:190} INFO - [2026-08-05T21:16:35.624+0000] {dagbag.py:588} INFO - Filling up the DagBag from /opt/airflow/dags/capstone_pipeline.py
[2026-08-05T21:16:35.648+0000] {processor.py:925} INFO - DAG(s) 'reset_demo_state', 'capstone_pipeline' retrieved from /opt/airflow/dags/capstone_pipeline.py
[2026-08-05T21:16:35.710+0000] {logging_mixin.py:190} INFO - [2026-08-05T21:16:35.710+0000] {dag.py:3239} INFO - Sync 2 DAGs
[2026-08-05T21:16:35.726+0000] {logging_mixin.py:190} INFO - [2026-08-05T21:16:35.726+0000] {dag.py:4180} INFO - Setting next_dagrun for capstone_pipeline to None, run_after=None
[2026-08-05T21:16:35.733+0000] {logging_mixin.py:190} INFO - [2026-08-05T21:16:35.732+0000] {dag.py:4180} INFO - Setting next_dagrun for reset_demo_state to None, run_after=None
[2026-08-05T21:16:35.764+0000] {processor.py:208} INFO - Processing /opt/airflow/dags/capstone_pipeline.py took 0.151 seconds
[2026-08-05T21:17:05.900+0000] {processor.py:186} INFO - Started process (PID=4514) to work on /opt/airflow/dags/capstone_pipeline.py
[2026-08-05T21:17:05.902+0000] {processor.py:914} INFO - Processing file /opt/airflow/dags/capstone_pipeline.py for tasks to queue
[2026-08-05T21:17:05.904+0000] {logging_mixin.py:190} INFO - [2026-08-05T21:17:05.904+0000] {dagbag.py:588} INFO - Filling up the DagBag from /opt/airflow/dags/capstone_pipeline.py
[2026-08-05T21:17:05.924+0000] {processor.py:925} INFO - DAG(s) 'reset_demo_state', 'capstone_pipeline' retrieved from /opt/airflow/dags/capstone_pipeline.py
[2026-08-05T21:17:05.967+0000] {logging_mixin.py:190} INFO - [2026-08-05T21:17:05.966+0000] {dag.py:3239} INFO - Sync 2 DAGs
[2026-08-05T21:17:05.979+0000] {logging_mixin.py:190} INFO - [2026-08-05T21:17:05.978+0000] {dag.py:4180} INFO - Setting next_dagrun for capstone_pipeline to None, run_after=None
[2026-08-05T21:17:05.981+0000] {logging_mixin.py:190} INFO - [2026-08-05T21:17:05.981+0000] {dag.py:4180} INFO - Setting next_dagrun for reset_demo_state to None, run_after=None
[2026-08-05T21:17:06.008+0000] {processor.py:208} INFO - Processing /opt/airflow/dags/capstone_pipeline.py took 0.113 seconds
[2026-08-05T21:17:36.206+0000] {processor.py:186} INFO - Started process (PID=4627) to work on /opt/airflow/dags/capstone_pipeline.py
[2026-08-05T21:17:36.213+0000] {processor.py:914} INFO - Processing file /opt/airflow/dags/capstone_pipeline.py for tasks to queue
[2026-08-05T21:17:36.215+0000] {logging_mixin.py:190} INFO - [2026-08-05T21:17:36.215+0000] {dagbag.py:588} INFO - Filling up the DagBag from /opt/airflow/dags/capstone_pipeline.py
[2026-08-05T21:17:36.251+0000] {processor.py:925} INFO - DAG(s) 'capstone_pipeline', 'reset_demo_state' retrieved from /opt/airflow/dags/capstone_pipeline.py
[2026-08-05T21:17:36.291+0000] {logging_mixin.py:190} INFO - [2026-08-05T21:17:36.291+0000] {dag.py:3239} INFO - Sync 2 DAGs
[2026-08-05T21:17:36.303+0000] {logging_mixin.py:190} INFO - [2026-08-05T21:17:36.302+0000] {dag.py:4180} INFO - Setting next_dagrun for capstone_pipeline to None, run_after=None
[2026-08-05T21:17:36.306+0000] {logging_mixin.py:190} INFO - [2026-08-05T21:17:36.306+0000] {dag.py:4180} INFO - Setting next_dagrun for reset_demo_state to None, run_after=None
[2026-08-05T21:17:36.328+0000] {processor.py:208} INFO - Processing /opt/airflow/dags/capstone_pipeline.py took 0.127 seconds
[2026-08-05T21:18:06.481+0000] {processor.py:186} INFO - Started process (PID=4632) to work on /opt/airflow/dags/capstone_pipeline.py
[2026-08-05T21:18:06.483+0000] {processor.py:914} INFO - Processing file /opt/airflow/dags/capstone_pipeline.py for tasks to queue
[2026-08-05T21:18:06.485+0000] {logging_mixin.py:190} INFO - [2026-08-05T21:18:06.485+0000] {dagbag.py:588} INFO - Filling up the DagBag from /opt/airflow/dags/capstone_pipeline.py
[2026-08-05T21:18:06.505+0000] {processor.py:925} INFO - DAG(s) 'capstone_pipeline', 'reset_demo_state' retrieved from /opt/airflow/dags/capstone_pipeline.py
[2026-08-05T21:18:06.546+0000] {logging_mixin.py:190} INFO - [2026-08-05T21:18:06.546+0000] {dag.py:3239} INFO - Sync 2 DAGs
[2026-08-05T21:18:06.557+0000] {logging_mixin.py:190} INFO - [2026-08-05T21:18:06.557+0000] {dag.py:4180} INFO - Setting next_dagrun for capstone_pipeline to None, run_after=None
[2026-08-05T21:18:06.562+0000] {logging_mixin.py:190} INFO - [2026-08-05T21:18:06.561+0000] {dag.py:4180} INFO - Setting next_dagrun for reset_demo_state to None, run_after=None
[2026-08-05T21:18:06.587+0000] {processor.py:208} INFO - Processing /opt/airflow/dags/capstone_pipeline.py took 0.111 seconds
[2026-08-05T21:18:36.802+0000] {processor.py:186} INFO - Started process (PID=4786) to work on /opt/airflow/dags/capstone_pipeline.py
[2026-08-05T21:18:36.805+0000] {processor.py:914} INFO - Processing file /opt/airflow/dags/capstone_pipeline.py for tasks to queue
[2026-08-05T21:18:36.807+0000] {logging_mixin.py:190} INFO - [2026-08-05T21:18:36.807+0000] {dagbag.py:588} INFO - Filling up the DagBag from /opt/airflow/dags/capstone_pipeline.py
[2026-08-05T21:18:36.839+0000] {processor.py:925} INFO - DAG(s) 'reset_demo_state', 'capstone_pipeline' retrieved from /opt/airflow/dags/capstone_pipeline.py
[2026-08-05T21:18:36.900+0000] {logging_mixin.py:190} INFO - [2026-08-05T21:18:36.900+0000] {dag.py:3239} INFO - Sync 2 DAGs
[2026-08-05T21:18:36.914+0000] {logging_mixin.py:190} INFO - [2026-08-05T21:18:36.914+0000] {dag.py:4180} INFO - Setting next_dagrun for capstone_pipeline to None, run_after=None
[2026-08-05T21:18:36.918+0000] {logging_mixin.py:190} INFO - [2026-08-05T21:18:36.918+0000] {dag.py:4180} INFO - Setting next_dagrun for reset_demo_state to None, run_after=None
[2026-08-05T21:18:36.948+0000] {processor.py:208} INFO - Processing /opt/airflow/dags/capstone_pipeline.py took 0.154 seconds
[2026-08-05T21:19:07.128+0000] {processor.py:186} INFO - Started process (PID=4850) to work on /opt/airflow/dags/capstone_pipeline.py
[2026-08-05T21:19:07.131+0000] {processor.py:914} INFO - Processing file /opt/airflow/dags/capstone_pipeline.py for tasks to queue
[2026-08-05T21:19:07.133+0000] {logging_mixin.py:190} INFO - [2026-08-05T21:19:07.133+0000] {dagbag.py:588} INFO - Filling up the DagBag from /opt/airflow/dags/capstone_pipeline.py
[2026-08-05T21:19:07.157+0000] {processor.py:925} INFO - DAG(s) 'reset_demo_state', 'capstone_pipeline' retrieved from /opt/airflow/dags/capstone_pipeline.py
[2026-08-05T21:19:07.215+0000] {logging_mixin.py:190} INFO - [2026-08-05T21:19:07.214+0000] {dag.py:3239} INFO - Sync 2 DAGs
[2026-08-05T21:19:07.230+0000] {logging_mixin.py:190} INFO - [2026-08-05T21:19:07.230+0000] {dag.py:4180} INFO - Setting next_dagrun for capstone_pipeline to None, run_after=None
[2026-08-05T21:19:07.237+0000] {logging_mixin.py:190} INFO - [2026-08-05T21:19:07.236+0000] {dag.py:4180} INFO - Setting next_dagrun for reset_demo_state to None, run_after=None
[2026-08-05T21:19:07.266+0000] {processor.py:208} INFO - Processing /opt/airflow/dags/capstone_pipeline.py took 0.145 seconds
[2026-08-05T21:19:39.545+0000] {processor.py:186} INFO - Started process (PID=4928) to work on /opt/airflow/dags/capstone_pipeline.py
[2026-08-05T21:19:39.547+0000] {processor.py:914} INFO - Processing file /opt/airflow/dags/capstone_pipeline.py for tasks to queue
[2026-08-05T21:19:39.549+0000] {logging_mixin.py:190} INFO - [2026-08-05T21:19:39.549+0000] {dagbag.py:588} INFO - Filling up the DagBag from /opt/airflow/dags/capstone_pipeline.py
[2026-08-05T21:19:39.578+0000] {processor.py:925} INFO - DAG(s) 'capstone_pipeline', 'reset_demo_state' retrieved from /opt/airflow/dags/capstone_pipeline.py
[2026-08-05T21:19:39.662+0000] {logging_mixin.py:190} INFO - [2026-08-05T21:19:39.661+0000] {dag.py:3239} INFO - Sync 2 DAGs
[2026-08-05T21:19:39.677+0000] {logging_mixin.py:190} INFO - [2026-08-05T21:19:39.677+0000] {dag.py:4180} INFO - Setting next_dagrun for capstone_pipeline to None, run_after=None
[2026-08-05T21:19:39.683+0000] {logging_mixin.py:190} INFO - [2026-08-05T21:19:39.682+0000] {dag.py:4180} INFO - Setting next_dagrun for reset_demo_state to None, run_after=None
[2026-08-05T21:19:39.717+0000] {processor.py:208} INFO - Processing /opt/airflow/dags/capstone_pipeline.py took 0.179 seconds
[2026-08-05T21:20:38.036+0000] {processor.py:186} INFO - Started process (PID=5462) to work on /opt/airflow/dags/capstone_pipeline.py
[2026-08-05T21:20:38.038+0000] {processor.py:914} INFO - Processing file /opt/airflow/dags/capstone_pipeline.py for tasks to queue
[2026-08-05T21:20:38.040+0000] {logging_mixin.py:190} INFO - [2026-08-05T21:20:38.040+0000] {dagbag.py:588} INFO - Filling up the DagBag from /opt/airflow/dags/capstone_pipeline.py
[2026-08-05T21:20:38.068+0000] {processor.py:925} INFO - DAG(s) 'reset_demo_state', 'capstone_pipeline' retrieved from /opt/airflow/dags/capstone_pipeline.py
[2026-08-05T21:20:38.114+0000] {logging_mixin.py:190} INFO - [2026-08-05T21:20:38.114+0000] {dag.py:3239} INFO - Sync 2 DAGs
[2026-08-05T21:20:38.127+0000] {logging_mixin.py:190} INFO - [2026-08-05T21:20:38.126+0000] {dag.py:4180} INFO - Setting next_dagrun for capstone_pipeline to None, run_after=None
[2026-08-05T21:20:38.131+0000] {logging_mixin.py:190} INFO - [2026-08-05T21:20:38.130+0000] {dag.py:4180} INFO - Setting next_dagrun for reset_demo_state to None, run_after=None
[2026-08-05T21:20:38.157+0000] {processor.py:208} INFO - Processing /opt/airflow/dags/capstone_pipeline.py took 0.127 seconds
[2026-08-05T21:21:08.382+0000] {processor.py:186} INFO - Started process (PID=5941) to work on /opt/airflow/dags/capstone_pipeline.py
[2026-08-05T21:21:08.384+0000] {processor.py:914} INFO - Processing file /opt/airflow/dags/capstone_pipeline.py for tasks to queue
[2026-08-05T21:21:08.386+0000] {logging_mixin.py:190} INFO - [2026-08-05T21:21:08.385+0000] {dagbag.py:588} INFO - Filling up the DagBag from /opt/airflow/dags/capstone_pipeline.py
[2026-08-05T21:21:08.408+0000] {processor.py:925} INFO - DAG(s) 'reset_demo_state', 'capstone_pipeline' retrieved from /opt/airflow/dags/capstone_pipeline.py
[2026-08-05T21:21:08.452+0000] {logging_mixin.py:190} INFO - [2026-08-05T21:21:08.452+0000] {dag.py:3239} INFO - Sync 2 DAGs
[2026-08-05T21:21:08.464+0000] {logging_mixin.py:190} INFO - [2026-08-05T21:21:08.464+0000] {dag.py:4180} INFO - Setting next_dagrun for capstone_pipeline to None, run_after=None
[2026-08-05T21:21:08.468+0000] {logging_mixin.py:190} INFO - [2026-08-05T21:21:08.467+0000] {dag.py:4180} INFO - Setting next_dagrun for reset_demo_state to None, run_after=None
[2026-08-05T21:21:08.494+0000] {processor.py:208} INFO - Processing /opt/airflow/dags/capstone_pipeline.py took 0.117 seconds
[2026-08-05T21:22:08.797+0000] {processor.py:186} INFO - Started process (PID=6689) to work on /opt/airflow/dags/capstone_pipeline.py
[2026-08-05T21:22:08.798+0000] {processor.py:914} INFO - Processing file /opt/airflow/dags/capstone_pipeline.py for tasks to queue
[2026-08-05T21:22:08.800+0000] {logging_mixin.py:190} INFO - [2026-08-05T21:22:08.800+0000] {dagbag.py:588} INFO - Filling up the DagBag from /opt/airflow/dags/capstone_pipeline.py
[2026-08-05T21:22:08.815+0000] {processor.py:925} INFO - DAG(s) 'capstone_pipeline', 'reset_demo_state' retrieved from /opt/airflow/dags/capstone_pipeline.py
[2026-08-05T21:22:08.850+0000] {logging_mixin.py:190} INFO - [2026-08-05T21:22:08.850+0000] {dag.py:3239} INFO - Sync 2 DAGs
[2026-08-05T21:22:08.861+0000] {logging_mixin.py:190} INFO - [2026-08-05T21:22:08.860+0000] {dag.py:4180} INFO - Setting next_dagrun for capstone_pipeline to None, run_after=None
[2026-08-05T21:22:08.866+0000] {logging_mixin.py:190} INFO - [2026-08-05T21:22:08.865+0000] {dag.py:4180} INFO - Setting next_dagrun for reset_demo_state to None, run_after=None
[2026-08-05T21:22:08.891+0000] {processor.py:208} INFO - Processing /opt/airflow/dags/capstone_pipeline.py took 0.099 seconds
[2026-08-05T21:23:55.475+0000] {processor.py:186} INFO - Started process (PID=7155) to work on /opt/airflow/dags/capstone_pipeline.py
[2026-08-05T21:23:55.477+0000] {processor.py:914} INFO - Processing file /opt/airflow/dags/capstone_pipeline.py for tasks to queue
[2026-08-05T21:23:55.479+0000] {logging_mixin.py:190} INFO - [2026-08-05T21:23:55.479+0000] {dagbag.py:588} INFO - Filling up the DagBag from /opt/airflow/dags/capstone_pipeline.py
[2026-08-05T21:23:55.501+0000] {processor.py:925} INFO - DAG(s) 'capstone_pipeline', 'reset_demo_state' retrieved from /opt/airflow/dags/capstone_pipeline.py
[2026-08-05T21:23:55.542+0000] {logging_mixin.py:190} INFO - [2026-08-05T21:23:55.542+0000] {dag.py:3239} INFO - Sync 2 DAGs
[2026-08-05T21:23:55.553+0000] {logging_mixin.py:190} INFO - [2026-08-05T21:23:55.552+0000] {dag.py:4180} INFO - Setting next_dagrun for capstone_pipeline to None, run_after=None
[2026-08-05T21:23:55.556+0000] {logging_mixin.py:190} INFO - [2026-08-05T21:23:55.556+0000] {dag.py:4180} INFO - Setting next_dagrun for reset_demo_state to None, run_after=None
[2026-08-05T21:23:55.579+0000] {processor.py:208} INFO - Processing /opt/airflow/dags/capstone_pipeline.py took 0.113 seconds
[2026-08-05T21:24:26.422+0000] {processor.py:186} INFO - Started process (PID=7170) to work on /opt/airflow/dags/capstone_pipeline.py
[2026-08-05T21:24:26.424+0000] {processor.py:914} INFO - Processing file /opt/airflow/dags/capstone_pipeline.py for tasks to queue
[2026-08-05T21:24:26.426+0000] {logging_mixin.py:190} INFO - [2026-08-05T21:24:26.426+0000] {dagbag.py:588} INFO - Filling up the DagBag from /opt/airflow/dags/capstone_pipeline.py
[2026-08-05T21:24:26.445+0000] {processor.py:925} INFO - DAG(s) 'reset_demo_state', 'capstone_pipeline' retrieved from /opt/airflow/dags/capstone_pipeline.py
[2026-08-05T21:24:26.487+0000] {logging_mixin.py:190} INFO - [2026-08-05T21:24:26.487+0000] {dag.py:3239} INFO - Sync 2 DAGs
[2026-08-05T21:24:26.498+0000] {logging_mixin.py:190} INFO - [2026-08-05T21:24:26.498+0000] {dag.py:4180} INFO - Setting next_dagrun for capstone_pipeline to None, run_after=None
[2026-08-05T21:24:26.502+0000] {logging_mixin.py:190} INFO - [2026-08-05T21:24:26.502+0000] {dag.py:4180} INFO - Setting next_dagrun for reset_demo_state to None, run_after=None
[2026-08-05T21:24:26.523+0000] {processor.py:208} INFO - Processing /opt/airflow/dags/capstone_pipeline.py took 0.106 seconds
[2026-08-05T21:24:56.666+0000] {processor.py:186} INFO - Started process (PID=7171) to work on /opt/airflow/dags/capstone_pipeline.py
[2026-08-05T21:24:56.668+0000] {processor.py:914} INFO - Processing file /opt/airflow/dags/capstone_pipeline.py for tasks to queue
[2026-08-05T21:24:56.670+0000] {logging_mixin.py:190} INFO - [2026-08-05T21:24:56.669+0000] {dagbag.py:588} INFO - Filling up the DagBag from /opt/airflow/dags/capstone_pipeline.py
[2026-08-05T21:24:56.683+0000] {processor.py:925} INFO - DAG(s) 'capstone_pipeline', 'reset_demo_state' retrieved from /opt/airflow/dags/capstone_pipeline.py
[2026-08-05T21:24:56.718+0000] {logging_mixin.py:190} INFO - [2026-08-05T21:24:56.717+0000] {dag.py:3239} INFO - Sync 2 DAGs
[2026-08-05T21:24:56.728+0000] {logging_mixin.py:190} INFO - [2026-08-05T21:24:56.728+0000] {dag.py:4180} INFO - Setting next_dagrun for capstone_pipeline to None, run_after=None
[2026-08-05T21:24:56.732+0000] {logging_mixin.py:190} INFO - [2026-08-05T21:24:56.732+0000] {dag.py:4180} INFO - Setting next_dagrun for reset_demo_state to None, run_after=None
[2026-08-05T21:24:56.758+0000] {processor.py:208} INFO - Processing /opt/airflow/dags/capstone_pipeline.py took 0.097 seconds
[2026-08-05T21:25:26.928+0000] {processor.py:186} INFO - Started process (PID=7172) to work on /opt/airflow/dags/capstone_pipeline.py
[2026-08-05T21:25:26.929+0000] {processor.py:914} INFO - Processing file /opt/airflow/dags/capstone_pipeline.py for tasks to queue
[2026-08-05T21:25:26.931+0000] {logging_mixin.py:190} INFO - [2026-08-05T21:25:26.931+0000] {dagbag.py:588} INFO - Filling up the DagBag from /opt/airflow/dags/capstone_pipeline.py
[2026-08-05T21:25:26.953+0000] {processor.py:925} INFO - DAG(s) 'capstone_pipeline', 'reset_demo_state' retrieved from /opt/airflow/dags/capstone_pipeline.py
[2026-08-05T21:25:27.007+0000] {logging_mixin.py:190} INFO - [2026-08-05T21:25:27.006+0000] {dag.py:3239} INFO - Sync 2 DAGs
[2026-08-05T21:25:27.026+0000] {logging_mixin.py:190} INFO - [2026-08-05T21:25:27.026+0000] {dag.py:4180} INFO - Setting next_dagrun for capstone_pipeline to None, run_after=None
[2026-08-05T21:25:27.032+0000] {logging_mixin.py:190} INFO - [2026-08-05T21:25:27.031+0000] {dag.py:4180} INFO - Setting next_dagrun for reset_demo_state to None, run_after=None
[2026-08-05T21:25:27.066+0000] {processor.py:208} INFO - Processing /opt/airflow/dags/capstone_pipeline.py took 0.144 seconds
[2026-08-05T21:26:18.671+0000] {processor.py:186} INFO - Started process (PID=7717) to work on /opt/airflow/dags/capstone_pipeline.py
[2026-08-05T21:26:18.673+0000] {processor.py:914} INFO - Processing file /opt/airflow/dags/capstone_pipeline.py for tasks to queue
[2026-08-05T21:26:18.675+0000] {logging_mixin.py:190} INFO - [2026-08-05T21:26:18.674+0000] {dagbag.py:588} INFO - Filling up the DagBag from /opt/airflow/dags/capstone_pipeline.py
[2026-08-05T21:26:18.704+0000] {processor.py:925} INFO - DAG(s) 'capstone_pipeline', 'reset_demo_state' retrieved from /opt/airflow/dags/capstone_pipeline.py
[2026-08-05T21:26:18.755+0000] {logging_mixin.py:190} INFO - [2026-08-05T21:26:18.755+0000] {dag.py:3239} INFO - Sync 2 DAGs
[2026-08-05T21:26:18.770+0000] {logging_mixin.py:190} INFO - [2026-08-05T21:26:18.770+0000] {dag.py:4180} INFO - Setting next_dagrun for capstone_pipeline to None, run_after=None
[2026-08-05T21:26:18.774+0000] {logging_mixin.py:190} INFO - [2026-08-05T21:26:18.774+0000] {dag.py:4180} INFO - Setting next_dagrun for reset_demo_state to None, run_after=None
[2026-08-05T21:26:18.800+0000] {processor.py:208} INFO - Processing /opt/airflow/dags/capstone_pipeline.py took 0.135 seconds
[2026-08-05T21:27:15.455+0000] {processor.py:186} INFO - Started process (PID=8506) to work on /opt/airflow/dags/capstone_pipeline.py
[2026-08-05T21:27:15.457+0000] {processor.py:914} INFO - Processing file /opt/airflow/dags/capstone_pipeline.py for tasks to queue
[2026-08-05T21:27:15.461+0000] {logging_mixin.py:190} INFO - [2026-08-05T21:27:15.460+0000] {dagbag.py:588} INFO - Filling up the DagBag from /opt/airflow/dags/capstone_pipeline.py
[2026-08-05T21:27:15.483+0000] {processor.py:925} INFO - DAG(s) 'capstone_pipeline', 'reset_demo_state' retrieved from /opt/airflow/dags/capstone_pipeline.py
[2026-08-05T21:27:15.534+0000] {logging_mixin.py:190} INFO - [2026-08-05T21:27:15.534+0000] {dag.py:3239} INFO - Sync 2 DAGs
[2026-08-05T21:27:15.546+0000] {logging_mixin.py:190} INFO - [2026-08-05T21:27:15.546+0000] {dag.py:4180} INFO - Setting next_dagrun for capstone_pipeline to None, run_after=None
[2026-08-05T21:27:15.550+0000] {logging_mixin.py:190} INFO - [2026-08-05T21:27:15.550+0000] {dag.py:4180} INFO - Setting next_dagrun for reset_demo_state to None, run_after=None
[2026-08-05T21:27:15.576+0000] {processor.py:208} INFO - Processing /opt/airflow/dags/capstone_pipeline.py took 0.127 seconds
[2026-08-05T21:28:05.036+0000] {processor.py:186} INFO - Started process (PID=9094) to work on /opt/airflow/dags/capstone_pipeline.py
[2026-08-05T21:28:05.038+0000] {processor.py:914} INFO - Processing file /opt/airflow/dags/capstone_pipeline.py for tasks to queue
[2026-08-05T21:28:05.041+0000] {logging_mixin.py:190} INFO - [2026-08-05T21:28:05.041+0000] {dagbag.py:588} INFO - Filling up the DagBag from /opt/airflow/dags/capstone_pipeline.py
[2026-08-05T21:28:05.071+0000] {processor.py:925} INFO - DAG(s) 'capstone_pipeline', 'reset_demo_state' retrieved from /opt/airflow/dags/capstone_pipeline.py
[2026-08-05T21:28:05.115+0000] {logging_mixin.py:190} INFO - [2026-08-05T21:28:05.115+0000] {dag.py:3239} INFO - Sync 2 DAGs
[2026-08-05T21:28:05.130+0000] {logging_mixin.py:190} INFO - [2026-08-05T21:28:05.129+0000] {dag.py:4180} INFO - Setting next_dagrun for capstone_pipeline to None, run_after=None
[2026-08-05T21:28:05.133+0000] {logging_mixin.py:190} INFO - [2026-08-05T21:28:05.133+0000] {dag.py:4180} INFO - Setting next_dagrun for reset_demo_state to None, run_after=None
[2026-08-05T21:28:05.162+0000] {processor.py:208} INFO - Processing /opt/airflow/dags/capstone_pipeline.py took 0.132 seconds
[2026-08-05T21:28:36.272+0000] {processor.py:186} INFO - Started process (PID=9109) to work on /opt/airflow/dags/capstone_pipeline.py
[2026-08-05T21:28:36.274+0000] {processor.py:914} INFO - Processing file /opt/airflow/dags/capstone_pipeline.py for tasks to queue
[2026-08-05T21:28:36.275+0000] {logging_mixin.py:190} INFO - [2026-08-05T21:28:36.275+0000] {dagbag.py:588} INFO - Filling up the DagBag from /opt/airflow/dags/capstone_pipeline.py
[2026-08-05T21:28:36.295+0000] {processor.py:925} INFO - DAG(s) 'reset_demo_state', 'capstone_pipeline' retrieved from /opt/airflow/dags/capstone_pipeline.py
[2026-08-05T21:28:36.334+0000] {logging_mixin.py:190} INFO - [2026-08-05T21:28:36.334+0000] {dag.py:3239} INFO - Sync 2 DAGs
[2026-08-05T21:28:36.346+0000] {logging_mixin.py:190} INFO - [2026-08-05T21:28:36.346+0000] {dag.py:4180} INFO - Setting next_dagrun for capstone_pipeline to None, run_after=None
[2026-08-05T21:28:36.349+0000] {logging_mixin.py:190} INFO - [2026-08-05T21:28:36.349+0000] {dag.py:4180} INFO - Setting next_dagrun for reset_demo_state to None, run_after=None
[2026-08-05T21:28:36.375+0000] {processor.py:208} INFO - Processing /opt/airflow/dags/capstone_pipeline.py took 0.108 seconds
[2026-08-05T21:29:06.596+0000] {processor.py:186} INFO - Started process (PID=9146) to work on /opt/airflow/dags/capstone_pipeline.py
[2026-08-05T21:29:06.598+0000] {processor.py:914} INFO - Processing file /opt/airflow/dags/capstone_pipeline.py for tasks to queue
[2026-08-05T21:29:06.599+0000] {logging_mixin.py:190} INFO - [2026-08-05T21:29:06.599+0000] {dagbag.py:588} INFO - Filling up the DagBag from /opt/airflow/dags/capstone_pipeline.py
[2026-08-05T21:29:06.620+0000] {processor.py:925} INFO - DAG(s) 'capstone_pipeline', 'reset_demo_state' retrieved from /opt/airflow/dags/capstone_pipeline.py
[2026-08-05T21:29:06.653+0000] {logging_mixin.py:190} INFO - [2026-08-05T21:29:06.652+0000] {dag.py:3239} INFO - Sync 2 DAGs
[2026-08-05T21:29:06.662+0000] {logging_mixin.py:190} INFO - [2026-08-05T21:29:06.662+0000] {dag.py:4180} INFO - Setting next_dagrun for capstone_pipeline to None, run_after=None
[2026-08-05T21:29:06.666+0000] {logging_mixin.py:190} INFO - [2026-08-05T21:29:06.665+0000] {dag.py:4180} INFO - Setting next_dagrun for reset_demo_state to None, run_after=None
[2026-08-05T21:29:06.686+0000] {processor.py:208} INFO - Processing /opt/airflow/dags/capstone_pipeline.py took 0.094 seconds
[2026-08-05T21:29:36.927+0000] {processor.py:186} INFO - Started process (PID=9147) to work on /opt/airflow/dags/capstone_pipeline.py
[2026-08-05T21:29:36.929+0000] {processor.py:914} INFO - Processing file /opt/airflow/dags/capstone_pipeline.py for tasks to queue
[2026-08-05T21:29:36.930+0000] {logging_mixin.py:190} INFO - [2026-08-05T21:29:36.930+0000] {dagbag.py:588} INFO - Filling up the DagBag from /opt/airflow/dags/capstone_pipeline.py
[2026-08-05T21:29:36.947+0000] {processor.py:925} INFO - DAG(s) 'reset_demo_state', 'capstone_pipeline' retrieved from /opt/airflow/dags/capstone_pipeline.py
[2026-08-05T21:29:36.983+0000] {logging_mixin.py:190} INFO - [2026-08-05T21:29:36.983+0000] {dag.py:3239} INFO - Sync 2 DAGs
[2026-08-05T21:29:36.994+0000] {logging_mixin.py:190} INFO - [2026-08-05T21:29:36.994+0000] {dag.py:4180} INFO - Setting next_dagrun for capstone_pipeline to None, run_after=None
[2026-08-05T21:29:36.997+0000] {logging_mixin.py:190} INFO - [2026-08-05T21:29:36.997+0000] {dag.py:4180} INFO - Setting next_dagrun for reset_demo_state to None, run_after=None
[2026-08-05T21:29:37.019+0000] {processor.py:208} INFO - Processing /opt/airflow/dags/capstone_pipeline.py took 0.097 seconds
[2026-08-05T21:30:07.203+0000] {processor.py:186} INFO - Started process (PID=9149) to work on /opt/airflow/dags/capstone_pipeline.py
[2026-08-05T21:30:07.205+0000] {processor.py:914} INFO - Processing file /opt/airflow/dags/capstone_pipeline.py for tasks to queue
[2026-08-05T21:30:07.209+0000] {logging_mixin.py:190} INFO - [2026-08-05T21:30:07.208+0000] {dagbag.py:588} INFO - Filling up the DagBag from /opt/airflow/dags/capstone_pipeline.py
[2026-08-05T21:30:07.234+0000] {processor.py:925} INFO - DAG(s) 'capstone_pipeline', 'reset_demo_state' retrieved from /opt/airflow/dags/capstone_pipeline.py
[2026-08-05T21:30:07.280+0000] {logging_mixin.py:190} INFO - [2026-08-05T21:30:07.280+0000] {dag.py:3239} INFO - Sync 2 DAGs
[2026-08-05T21:30:07.291+0000] {logging_mixin.py:190} INFO - [2026-08-05T21:30:07.291+0000] {dag.py:4180} INFO - Setting next_dagrun for capstone_pipeline to None, run_after=None
[2026-08-05T21:30:07.295+0000] {logging_mixin.py:190} INFO - [2026-08-05T21:30:07.295+0000] {dag.py:4180} INFO - Setting next_dagrun for reset_demo_state to None, run_after=None
[2026-08-05T21:30:07.318+0000] {processor.py:208} INFO - Processing /opt/airflow/dags/capstone_pipeline.py took 0.122 seconds
[2026-08-05T21:30:37.443+0000] {processor.py:186} INFO - Started process (PID=9150) to work on /opt/airflow/dags/capstone_pipeline.py
[2026-08-05T21:30:37.445+0000] {processor.py:914} INFO - Processing file /opt/airflow/dags/capstone_pipeline.py for tasks to queue
[2026-08-05T21:30:37.446+0000] {logging_mixin.py:190} INFO - [2026-08-05T21:30:37.446+0000] {dagbag.py:588} INFO - Filling up the DagBag from /opt/airflow/dags/capstone_pipeline.py
[2026-08-05T21:30:37.462+0000] {processor.py:925} INFO - DAG(s) 'reset_demo_state', 'capstone_pipeline' retrieved from /opt/airflow/dags/capstone_pipeline.py
[2026-08-05T21:30:37.498+0000] {logging_mixin.py:190} INFO - [2026-08-05T21:30:37.498+0000] {dag.py:3239} INFO - Sync 2 DAGs
[2026-08-05T21:30:37.510+0000] {logging_mixin.py:190} INFO - [2026-08-05T21:30:37.509+0000] {dag.py:4180} INFO - Setting next_dagrun for capstone_pipeline to None, run_after=None
[2026-08-05T21:30:37.512+0000] {logging_mixin.py:190} INFO - [2026-08-05T21:30:37.512+0000] {dag.py:4180} INFO - Setting next_dagrun for reset_demo_state to None, run_after=None
[2026-08-05T21:30:37.536+0000] {processor.py:208} INFO - Processing /opt/airflow/dags/capstone_pipeline.py took 0.097 seconds
[2026-08-05T21:31:07.684+0000] {processor.py:186} INFO - Started process (PID=9323) to work on /opt/airflow/dags/capstone_pipeline.py
[2026-08-05T21:31:07.686+0000] {processor.py:914} INFO - Processing file /opt/airflow/dags/capstone_pipeline.py for tasks to queue
[2026-08-05T21:31:07.689+0000] {logging_mixin.py:190} INFO - [2026-08-05T21:31:07.688+0000] {dagbag.py:588} INFO - Filling up the DagBag from /opt/airflow/dags/capstone_pipeline.py
[2026-08-05T21:31:07.716+0000] {processor.py:925} INFO - DAG(s) 'reset_demo_state', 'capstone_pipeline' retrieved from /opt/airflow/dags/capstone_pipeline.py
[2026-08-05T21:31:07.770+0000] {logging_mixin.py:190} INFO - [2026-08-05T21:31:07.770+0000] {dag.py:3239} INFO - Sync 2 DAGs
[2026-08-05T21:31:07.787+0000] {logging_mixin.py:190} INFO - [2026-08-05T21:31:07.787+0000] {dag.py:4180} INFO - Setting next_dagrun for capstone_pipeline to None, run_after=None
[2026-08-05T21:31:07.792+0000] {logging_mixin.py:190} INFO - [2026-08-05T21:31:07.791+0000] {dag.py:4180} INFO - Setting next_dagrun for reset_demo_state to None, run_after=None
[2026-08-05T21:31:07.822+0000] {processor.py:208} INFO - Processing /opt/airflow/dags/capstone_pipeline.py took 0.147 seconds
[2026-08-05T21:31:37.953+0000] {processor.py:186} INFO - Started process (PID=9331) to work on /opt/airflow/dags/capstone_pipeline.py
[2026-08-05T21:31:37.956+0000] {processor.py:914} INFO - Processing file /opt/airflow/dags/capstone_pipeline.py for tasks to queue
[2026-08-05T21:31:37.958+0000] {logging_mixin.py:190} INFO - [2026-08-05T21:31:37.958+0000] {dagbag.py:588} INFO - Filling up the DagBag from /opt/airflow/dags/capstone_pipeline.py
[2026-08-05T21:31:37.980+0000] {processor.py:925} INFO - DAG(s) 'reset_demo_state', 'capstone_pipeline' retrieved from /opt/airflow/dags/capstone_pipeline.py
[2026-08-05T21:31:38.020+0000] {logging_mixin.py:190} INFO - [2026-08-05T21:31:38.020+0000] {dag.py:3239} INFO - Sync 2 DAGs
[2026-08-05T21:31:38.032+0000] {logging_mixin.py:190} INFO - [2026-08-05T21:31:38.032+0000] {dag.py:4180} INFO - Setting next_dagrun for capstone_pipeline to None, run_after=None
[2026-08-05T21:31:38.038+0000] {logging_mixin.py:190} INFO - [2026-08-05T21:31:38.038+0000] {dag.py:4180} INFO - Setting next_dagrun for reset_demo_state to None, run_after=None
[2026-08-05T21:31:38.063+0000] {processor.py:208} INFO - Processing /opt/airflow/dags/capstone_pipeline.py took 0.115 seconds
[2026-08-05T21:32:08.218+0000] {processor.py:186} INFO - Started process (PID=9332) to work on /opt/airflow/dags/capstone_pipeline.py
[2026-08-05T21:32:08.220+0000] {processor.py:914} INFO - Processing file /opt/airflow/dags/capstone_pipeline.py for tasks to queue
[2026-08-05T21:32:08.223+0000] {logging_mixin.py:190} INFO - [2026-08-05T21:32:08.222+0000] {dagbag.py:588} INFO - Filling up the DagBag from /opt/airflow/dags/capstone_pipeline.py
[2026-08-05T21:32:08.250+0000] {processor.py:925} INFO - DAG(s) 'reset_demo_state', 'capstone_pipeline' retrieved from /opt/airflow/dags/capstone_pipeline.py
[2026-08-05T21:32:08.286+0000] {logging_mixin.py:190} INFO - [2026-08-05T21:32:08.286+0000] {dag.py:3239} INFO - Sync 2 DAGs
[2026-08-05T21:32:08.295+0000] {logging_mixin.py:190} INFO - [2026-08-05T21:32:08.295+0000] {dag.py:4180} INFO - Setting next_dagrun for capstone_pipeline to None, run_after=None
[2026-08-05T21:32:08.299+0000] {logging_mixin.py:190} INFO - [2026-08-05T21:32:08.299+0000] {dag.py:4180} INFO - Setting next_dagrun for reset_demo_state to None, run_after=None
[2026-08-05T21:32:08.323+0000] {processor.py:208} INFO - Processing /opt/airflow/dags/capstone_pipeline.py took 0.113 seconds
[2026-08-05T21:32:38.473+0000] {processor.py:186} INFO - Started process (PID=9490) to work on /opt/airflow/dags/capstone_pipeline.py
[2026-08-05T21:32:38.476+0000] {processor.py:914} INFO - Processing file /opt/airflow/dags/capstone_pipeline.py for tasks to queue
[2026-08-05T21:32:38.479+0000] {logging_mixin.py:190} INFO - [2026-08-05T21:32:38.478+0000] {dagbag.py:588} INFO - Filling up the DagBag from /opt/airflow/dags/capstone_pipeline.py
[2026-08-05T21:32:38.508+0000] {processor.py:925} INFO - DAG(s) 'reset_demo_state', 'capstone_pipeline' retrieved from /opt/airflow/dags/capstone_pipeline.py
[2026-08-05T21:32:38.569+0000] {logging_mixin.py:190} INFO - [2026-08-05T21:32:38.568+0000] {dag.py:3239} INFO - Sync 2 DAGs
[2026-08-05T21:32:38.584+0000] {logging_mixin.py:190} INFO - [2026-08-05T21:32:38.584+0000] {dag.py:4180} INFO - Setting next_dagrun for capstone_pipeline to None, run_after=None
[2026-08-05T21:32:38.588+0000] {logging_mixin.py:190} INFO - [2026-08-05T21:32:38.588+0000] {dag.py:4180} INFO - Setting next_dagrun for reset_demo_state to None, run_after=None
[2026-08-05T21:32:38.618+0000] {processor.py:208} INFO - Processing /opt/airflow/dags/capstone_pipeline.py took 0.154 seconds
