[2026-08-05T20:43:37.832+0000] {manager.py:483} INFO - Processing files using up to 1 processes at a time 
[2026-08-05T20:43:37.836+0000] {manager.py:484} INFO - Process each file at most once every 30 seconds
[2026-08-05T20:43:37.838+0000] {manager.py:485} INFO - Checking for new files in /opt/airflow/dags every 300 seconds
[2026-08-05T20:43:37.839+0000] {manager.py:821} INFO - Searching for files in /opt/airflow/dags
[2026-08-05T20:43:37.852+0000] {manager.py:824} INFO - There are 0 files in /opt/airflow/dags
[2026-08-05T20:48:37.884+0000] {manager.py:821} INFO - Searching for files in /opt/airflow/dags
[2026-08-05T20:48:37.916+0000] {manager.py:824} INFO - There are 1 files in /opt/airflow/dags
[2026-08-05T20:48:40.011+0000] {manager.py:997} INFO - 
================================================================================
DAG File Processing Stats

File Path                               PID    Runtime      # DAGs    # Errors  Last Runtime    Last Run               Last # of DB Queries
--------------------------------------  -----  ---------  --------  ----------  --------------  -------------------  ----------------------
/opt/airflow/dags/capstone_pipeline.py                           2           0  0.93s           2026-08-05T20:48:38                      79
================================================================================
[2026-08-05T20:49:10.270+0000] {manager.py:997} INFO - 
================================================================================
DAG File Processing Stats

File Path                               PID    Runtime      # DAGs    # Errors  Last Runtime    Last Run               Last # of DB Queries
--------------------------------------  -----  ---------  --------  ----------  --------------  -------------------  ----------------------
/opt/airflow/dags/capstone_pipeline.py                           2           0  0.21s           2026-08-05T20:49:09                      13
================================================================================
[2026-08-05T20:49:40.554+0000] {manager.py:997} INFO - 
================================================================================
DAG File Processing Stats

File Path                               PID    Runtime      # DAGs    # Errors  Last Runtime    Last Run               Last # of DB Queries
--------------------------------------  -----  ---------  --------  ----------  --------------  -------------------  ----------------------
/opt/airflow/dags/capstone_pipeline.py                           2           0  0.20s           2026-08-05T20:49:39                      13
================================================================================
[2026-08-05T20:50:10.788+0000] {manager.py:997} INFO - 
================================================================================
DAG File Processing Stats

File Path                               PID    Runtime      # DAGs    # Errors  Last Runtime    Last Run               Last # of DB Queries
--------------------------------------  -----  ---------  --------  ----------  --------------  -------------------  ----------------------
/opt/airflow/dags/capstone_pipeline.py                           2           0  0.20s           2026-08-05T20:50:09                      13
================================================================================
[2026-08-05T20:50:41.031+0000] {manager.py:997} INFO - 
================================================================================
DAG File Processing Stats

File Path                               PID    Runtime      # DAGs    # Errors  Last Runtime    Last Run               Last # of DB Queries
--------------------------------------  -----  ---------  --------  ----------  --------------  -------------------  ----------------------
/opt/airflow/dags/capstone_pipeline.py                           2           0  0.20s           2026-08-05T20:50:40                      13
================================================================================
[2026-08-05T20:51:11.226+0000] {manager.py:997} INFO - 
================================================================================
DAG File Processing Stats

File Path                               PID    Runtime      # DAGs    # Errors  Last Runtime    Last Run               Last # of DB Queries
--------------------------------------  -----  ---------  --------  ----------  --------------  -------------------  ----------------------
/opt/airflow/dags/capstone_pipeline.py                           2           0  0.21s           2026-08-05T20:51:10                      13
================================================================================
[2026-08-05T20:51:56.728+0000] {manager.py:997} INFO - 
================================================================================
DAG File Processing Stats

File Path                               PID    Runtime      # DAGs    # Errors  Last Runtime    Last Run               Last # of DB Queries
--------------------------------------  -----  ---------  --------  ----------  --------------  -------------------  ----------------------
/opt/airflow/dags/capstone_pipeline.py                           2           0  0.40s           2026-08-05T20:51:56                      13
================================================================================
[2026-08-05T20:52:27.793+0000] {manager.py:997} INFO - 
================================================================================
DAG File Processing Stats

File Path                               PID    Runtime      # DAGs    # Errors  Last Runtime    Last Run               Last # of DB Queries
--------------------------------------  -----  ---------  --------  ----------  --------------  -------------------  ----------------------
/opt/airflow/dags/capstone_pipeline.py                           2           0  0.20s           2026-08-05T20:52:27                      13
================================================================================
[2026-08-05T20:52:58.084+0000] {manager.py:997} INFO - 
================================================================================
DAG File Processing Stats

File Path                               PID    Runtime      # DAGs    # Errors  Last Runtime    Last Run               Last # of DB Queries
--------------------------------------  -----  ---------  --------  ----------  --------------  -------------------  ----------------------
/opt/airflow/dags/capstone_pipeline.py                           2           0  0.20s           2026-08-05T20:52:58                      13
================================================================================
[2026-08-05T20:53:29.314+0000] {manager.py:997} INFO - 
================================================================================
DAG File Processing Stats

File Path                               PID    Runtime      # DAGs    # Errors  Last Runtime    Last Run               Last # of DB Queries
--------------------------------------  -----  ---------  --------  ----------  --------------  -------------------  ----------------------
/opt/airflow/dags/capstone_pipeline.py                           2           0  0.20s           2026-08-05T20:53:29                      13
================================================================================
[2026-08-05T20:53:38.823+0000] {manager.py:821} INFO - Searching for files in /opt/airflow/dags
[2026-08-05T20:53:38.839+0000] {manager.py:824} INFO - There are 1 files in /opt/airflow/dags
[2026-08-05T20:53:59.557+0000] {manager.py:997} INFO - 
================================================================================
DAG File Processing Stats

File Path                               PID    Runtime      # DAGs    # Errors  Last Runtime    Last Run               Last # of DB Queries
--------------------------------------  -----  ---------  --------  ----------  --------------  -------------------  ----------------------
/opt/airflow/dags/capstone_pipeline.py                           2           0  0.20s           2026-08-05T20:53:59                      13
================================================================================
[2026-08-05T20:54:29.800+0000] {manager.py:997} INFO - 
================================================================================
DAG File Processing Stats

File Path                               PID    Runtime      # DAGs    # Errors  Last Runtime    Last Run               Last # of DB Queries
--------------------------------------  -----  ---------  --------  ----------  --------------  -------------------  ----------------------
/opt/airflow/dags/capstone_pipeline.py                           2           0  0.20s           2026-08-05T20:54:29                      13
================================================================================
[2026-08-05T20:55:00.058+0000] {manager.py:997} INFO - 
================================================================================
DAG File Processing Stats

File Path                               PID    Runtime      # DAGs    # Errors  Last Runtime    Last Run               Last # of DB Queries
--------------------------------------  -----  ---------  --------  ----------  --------------  -------------------  ----------------------
/opt/airflow/dags/capstone_pipeline.py                           2           0  0.20s           2026-08-05T20:55:00                      13
================================================================================
[2026-08-05T20:55:30.301+0000] {manager.py:997} INFO - 
================================================================================
DAG File Processing Stats

File Path                               PID    Runtime      # DAGs    # Errors  Last Runtime    Last Run               Last # of DB Queries
--------------------------------------  -----  ---------  --------  ----------  --------------  -------------------  ----------------------
/opt/airflow/dags/capstone_pipeline.py                           2           0  0.21s           2026-08-05T20:55:30                      13
================================================================================
[2026-08-05T20:56:00.533+0000] {manager.py:997} INFO - 
================================================================================
DAG File Processing Stats

File Path                               PID    Runtime      # DAGs    # Errors  Last Runtime    Last Run               Last # of DB Queries
--------------------------------------  -----  ---------  --------  ----------  --------------  -------------------  ----------------------
/opt/airflow/dags/capstone_pipeline.py                           2           0  0.21s           2026-08-05T20:56:00                      13
================================================================================
[2026-08-05T20:56:30.813+0000] {manager.py:997} INFO - 
================================================================================
DAG File Processing Stats

File Path                               PID    Runtime      # DAGs    # Errors  Last Runtime    Last Run               Last # of DB Queries
--------------------------------------  -----  ---------  --------  ----------  --------------  -------------------  ----------------------
/opt/airflow/dags/capstone_pipeline.py                           2           0  0.20s           2026-08-05T20:56:30                      13
================================================================================
[2026-08-05T20:57:02.525+0000] {manager.py:997} INFO - 
================================================================================
DAG File Processing Stats

File Path                               PID    Runtime      # DAGs    # Errors  Last Runtime    Last Run               Last # of DB Queries
--------------------------------------  -----  ---------  --------  ----------  --------------  -------------------  ----------------------
/opt/airflow/dags/capstone_pipeline.py                           2           0  0.21s           2026-08-05T20:57:02                      13
================================================================================
[2026-08-05T20:57:34.604+0000] {manager.py:997} INFO - 
================================================================================
DAG File Processing Stats

File Path                               PID    Runtime      # DAGs    # Errors  Last Runtime    Last Run               Last # of DB Queries
--------------------------------------  -----  ---------  --------  ----------  --------------  -------------------  ----------------------
/opt/airflow/dags/capstone_pipeline.py                           2           0  0.21s           2026-08-05T20:57:34                      13
================================================================================
[2026-08-05T20:58:23.388+0000] {manager.py:997} INFO - 
================================================================================
DAG File Processing Stats

File Path                               PID    Runtime      # DAGs    # Errors  Last Runtime    Last Run               Last # of DB Queries
--------------------------------------  -----  ---------  --------  ----------  --------------  -------------------  ----------------------
/opt/airflow/dags/capstone_pipeline.py                           2           0  0.20s           2026-08-05T20:58:23                      13
================================================================================
[2026-08-05T20:58:49.684+0000] {manager.py:821} INFO - Searching for files in /opt/airflow/dags
[2026-08-05T20:58:49.727+0000] {manager.py:824} INFO - There are 1 files in /opt/airflow/dags
[2026-08-05T20:59:17.130+0000] {manager.py:997} INFO - 
================================================================================
DAG File Processing Stats

File Path                               PID    Runtime      # DAGs    # Errors  Last Runtime    Last Run               Last # of DB Queries
--------------------------------------  -----  ---------  --------  ----------  --------------  -------------------  ----------------------
/opt/airflow/dags/capstone_pipeline.py                           2           0  0.21s           2026-08-05T20:59:17                      13
================================================================================
[2026-08-05T21:00:26.833+0000] {manager.py:997} INFO - 
================================================================================
DAG File Processing Stats

File Path                               PID    Runtime      # DAGs    # Errors  Last Runtime    Last Run               Last # of DB Queries
--------------------------------------  -----  ---------  --------  ----------  --------------  -------------------  ----------------------
/opt/airflow/dags/capstone_pipeline.py                           2           0  0.21s           2026-08-05T21:00:26                      13
================================================================================
[2026-08-05T21:00:57.979+0000] {manager.py:997} INFO - 
================================================================================
DAG File Processing Stats

File Path                               PID    Runtime      # DAGs    # Errors  Last Runtime    Last Run               Last # of DB Queries
--------------------------------------  -----  ---------  --------  ----------  --------------  -------------------  ----------------------
/opt/airflow/dags/capstone_pipeline.py                           2           0  0.20s           2026-08-05T21:00:57                      13
================================================================================
[2026-08-05T21:01:28.241+0000] {manager.py:997} INFO - 
================================================================================
DAG File Processing Stats

File Path                               PID    Runtime      # DAGs    # Errors  Last Runtime    Last Run               Last # of DB Queries
--------------------------------------  -----  ---------  --------  ----------  --------------  -------------------  ----------------------
/opt/airflow/dags/capstone_pipeline.py                           2           0  0.21s           2026-08-05T21:01:28                      13
================================================================================
[2026-08-05T21:01:58.514+0000] {manager.py:997} INFO - 
================================================================================
DAG File Processing Stats

File Path                               PID    Runtime      # DAGs    # Errors  Last Runtime    Last Run               Last # of DB Queries
--------------------------------------  -----  ---------  --------  ----------  --------------  -------------------  ----------------------
/opt/airflow/dags/capstone_pipeline.py                           2           0  0.21s           2026-08-05T21:01:58                      13
================================================================================
[2026-08-05T21:03:05.903+0000] {manager.py:465} INFO - Exiting gracefully upon receiving signal 15
[2026-08-05T21:03:07.082+0000] {manager.py:483} INFO - Processing files using up to 1 processes at a time 
[2026-08-05T21:03:07.085+0000] {manager.py:484} INFO - Process each file at most once every 30 seconds
[2026-08-05T21:03:07.086+0000] {manager.py:485} INFO - Checking for new files in /opt/airflow/dags every 300 seconds
[2026-08-05T21:03:07.087+0000] {manager.py:821} INFO - Searching for files in /opt/airflow/dags
[2026-08-05T21:03:07.135+0000] {manager.py:824} INFO - There are 1 files in /opt/airflow/dags
[2026-08-05T21:03:07.683+0000] {manager.py:997} INFO - 
================================================================================
DAG File Processing Stats

File Path                               PID    Runtime      # DAGs    # Errors  Last Runtime    Last Run               Last # of DB Queries
--------------------------------------  -----  ---------  --------  ----------  --------------  -------------------  ----------------------
/opt/airflow/dags/capstone_pipeline.py                           2           0  0.41s           2026-08-05T21:03:07                      13
================================================================================
[2026-08-05T21:03:38.104+0000] {manager.py:997} INFO - 
================================================================================
DAG File Processing Stats

File Path                               PID    Runtime      # DAGs    # Errors  Last Runtime    Last Run               Last # of DB Queries
--------------------------------------  -----  ---------  --------  ----------  --------------  -------------------  ----------------------
/opt/airflow/dags/capstone_pipeline.py                           2           0  0.21s           2026-08-05T21:03:38                      13
================================================================================
[2026-08-05T21:04:08.421+0000] {manager.py:997} INFO - 
================================================================================
DAG File Processing Stats

File Path                               PID    Runtime      # DAGs    # Errors  Last Runtime    Last Run               Last # of DB Queries
--------------------------------------  -----  ---------  --------  ----------  --------------  -------------------  ----------------------
/opt/airflow/dags/capstone_pipeline.py                           2           0  0.21s           2026-08-05T21:04:08                      13
================================================================================
[2026-08-05T21:04:38.658+0000] {manager.py:997} INFO - 
================================================================================
DAG File Processing Stats

File Path                               PID    Runtime      # DAGs    # Errors  Last Runtime    Last Run               Last # of DB Queries
--------------------------------------  -----  ---------  --------  ----------  --------------  -------------------  ----------------------
/opt/airflow/dags/capstone_pipeline.py                           2           0  0.20s           2026-08-05T21:04:38                      13
================================================================================
[2026-08-05T21:05:08.942+0000] {manager.py:997} INFO - 
================================================================================
DAG File Processing Stats

File Path                               PID    Runtime      # DAGs    # Errors  Last Runtime    Last Run               Last # of DB Queries
--------------------------------------  -----  ---------  --------  ----------  --------------  -------------------  ----------------------
/opt/airflow/dags/capstone_pipeline.py                           2           0  0.21s           2026-08-05T21:05:08                      13
================================================================================
[2026-08-05T21:05:39.204+0000] {manager.py:997} INFO - 
================================================================================
DAG File Processing Stats

File Path                               PID    Runtime      # DAGs    # Errors  Last Runtime    Last Run               Last # of DB Queries
--------------------------------------  -----  ---------  --------  ----------  --------------  -------------------  ----------------------
/opt/airflow/dags/capstone_pipeline.py                           2           0  0.21s           2026-08-05T21:05:39                      13
================================================================================
[2026-08-05T21:06:23.207+0000] {manager.py:997} INFO - 
================================================================================
DAG File Processing Stats

File Path                               PID    Runtime      # DAGs    # Errors  Last Runtime    Last Run               Last # of DB Queries
--------------------------------------  -----  ---------  --------  ----------  --------------  -------------------  ----------------------
/opt/airflow/dags/capstone_pipeline.py                           2           0  0.21s           2026-08-05T21:06:23                      13
================================================================================
[2026-08-05T21:07:45.280+0000] {manager.py:465} INFO - Exiting gracefully upon receiving signal 15
[2026-08-05T21:07:45.747+0000] {manager.py:483} INFO - Processing files using up to 1 processes at a time 
[2026-08-05T21:07:45.749+0000] {manager.py:484} INFO - Process each file at most once every 30 seconds
[2026-08-05T21:07:45.750+0000] {manager.py:485} INFO - Checking for new files in /opt/airflow/dags every 300 seconds
[2026-08-05T21:07:45.752+0000] {manager.py:821} INFO - Searching for files in /opt/airflow/dags
[2026-08-05T21:07:45.789+0000] {manager.py:824} INFO - There are 1 files in /opt/airflow/dags
[2026-08-05T21:07:46.037+0000] {manager.py:997} INFO - 
================================================================================
DAG File Processing Stats

File Path                               PID    Runtime      # DAGs    # Errors  Last Runtime    Last Run               Last # of DB Queries
--------------------------------------  -----  ---------  --------  ----------  --------------  -------------------  ----------------------
/opt/airflow/dags/capstone_pipeline.py                           2           0  0.21s           2026-08-05T21:07:46                      13
================================================================================
[2026-08-05T21:08:17.142+0000] {manager.py:997} INFO - 
================================================================================
DAG File Processing Stats

File Path                               PID    Runtime      # DAGs    # Errors  Last Runtime    Last Run               Last # of DB Queries
--------------------------------------  -----  ---------  --------  ----------  --------------  -------------------  ----------------------
/opt/airflow/dags/capstone_pipeline.py                           2           0  0.21s           2026-08-05T21:08:17                      13
================================================================================
[2026-08-05T21:08:47.398+0000] {manager.py:997} INFO - 
================================================================================
DAG File Processing Stats

File Path                               PID    Runtime      # DAGs    # Errors  Last Runtime    Last Run               Last # of DB Queries
--------------------------------------  -----  ---------  --------  ----------  --------------  -------------------  ----------------------
/opt/airflow/dags/capstone_pipeline.py                           2           0  0.21s           2026-08-05T21:08:47                      13
================================================================================
[2026-08-05T21:09:17.656+0000] {manager.py:997} INFO - 
================================================================================
DAG File Processing Stats

File Path                               PID    Runtime      # DAGs    # Errors  Last Runtime    Last Run               Last # of DB Queries
--------------------------------------  -----  ---------  --------  ----------  --------------  -------------------  ----------------------
/opt/airflow/dags/capstone_pipeline.py                           2           0  0.21s           2026-08-05T21:09:17                      13
================================================================================
[2026-08-05T21:10:08.813+0000] {manager.py:997} INFO - 
================================================================================
DAG File Processing Stats

File Path                               PID    Runtime      # DAGs    # Errors  Last Runtime    Last Run               Last # of DB Queries
--------------------------------------  -----  ---------  --------  ----------  --------------  -------------------  ----------------------
/opt/airflow/dags/capstone_pipeline.py                           2           0  0.21s           2026-08-05T21:10:08                      13
================================================================================
[2026-08-05T21:11:31.449+0000] {manager.py:465} INFO - Exiting gracefully upon receiving signal 15
[2026-08-05T21:11:31.846+0000] {manager.py:483} INFO - Processing files using up to 1 processes at a time 
[2026-08-05T21:11:31.848+0000] {manager.py:484} INFO - Process each file at most once every 30 seconds
[2026-08-05T21:11:31.851+0000] {manager.py:485} INFO - Checking for new files in /opt/airflow/dags every 300 seconds
[2026-08-05T21:11:31.853+0000] {manager.py:821} INFO - Searching for files in /opt/airflow/dags
[2026-08-05T21:11:31.895+0000] {manager.py:824} INFO - There are 1 files in /opt/airflow/dags
[2026-08-05T21:11:32.171+0000] {manager.py:997} INFO - 
================================================================================
DAG File Processing Stats

File Path                               PID    Runtime      # DAGs    # Errors  Last Runtime    Last Run               Last # of DB Queries
--------------------------------------  -----  ---------  --------  ----------  --------------  -------------------  ----------------------
/opt/airflow/dags/capstone_pipeline.py                           2           0  0.21s           2026-08-05T21:11:32                      13
================================================================================
[2026-08-05T21:12:03.293+0000] {manager.py:997} INFO - 
================================================================================
DAG File Processing Stats

File Path                               PID    Runtime      # DAGs    # Errors  Last Runtime    Last Run               Last # of DB Queries
--------------------------------------  -----  ---------  --------  ----------  --------------  -------------------  ----------------------
/opt/airflow/dags/capstone_pipeline.py                           2           0  0.21s           2026-08-05T21:12:03                      13
================================================================================
[2026-08-05T21:12:33.590+0000] {manager.py:997} INFO - 
================================================================================
DAG File Processing Stats

File Path                               PID    Runtime      # DAGs    # Errors  Last Runtime    Last Run               Last # of DB Queries
--------------------------------------  -----  ---------  --------  ----------  --------------  -------------------  ----------------------
/opt/airflow/dags/capstone_pipeline.py                           2           0  0.20s           2026-08-05T21:12:33                      13
================================================================================
[2026-08-05T21:13:03.832+0000] {manager.py:997} INFO - 
================================================================================
DAG File Processing Stats

File Path                               PID    Runtime      # DAGs    # Errors  Last Runtime    Last Run               Last # of DB Queries
--------------------------------------  -----  ---------  --------  ----------  --------------  -------------------  ----------------------
/opt/airflow/dags/capstone_pipeline.py                           2           0  0.20s           2026-08-05T21:13:03                      13
================================================================================
[2026-08-05T21:13:33.974+0000] {manager.py:997} INFO - 
================================================================================
DAG File Processing Stats

File Path                               PID    Runtime      # DAGs    # Errors  Last Runtime    Last Run               Last # of DB Queries
--------------------------------------  -----  ---------  --------  ----------  --------------  -------------------  ----------------------
/opt/airflow/dags/capstone_pipeline.py                           2           0  0.10s           2026-08-05T21:13:33                      13
================================================================================
[2026-08-05T21:14:04.253+0000] {manager.py:997} INFO - 
================================================================================
DAG File Processing Stats

File Path                               PID    Runtime      # DAGs    # Errors  Last Runtime    Last Run               Last # of DB Queries
--------------------------------------  -----  ---------  --------  ----------  --------------  -------------------  ----------------------
/opt/airflow/dags/capstone_pipeline.py                           2           0  0.12s           2026-08-05T21:14:04                      13
================================================================================
[2026-08-05T21:14:34.566+0000] {manager.py:997} INFO - 
================================================================================
DAG File Processing Stats

File Path                               PID    Runtime      # DAGs    # Errors  Last Runtime    Last Run               Last # of DB Queries
--------------------------------------  -----  ---------  --------  ----------  --------------  -------------------  ----------------------
/opt/airflow/dags/capstone_pipeline.py                           2           0  0.11s           2026-08-05T21:14:34                      13
================================================================================
[2026-08-05T21:15:04.940+0000] {manager.py:997} INFO - 
================================================================================
DAG File Processing Stats

File Path                               PID    Runtime      # DAGs    # Errors  Last Runtime    Last Run               Last # of DB Queries
--------------------------------------  -----  ---------  --------  ----------  --------------  -------------------  ----------------------
/opt/airflow/dags/capstone_pipeline.py                           2           0  0.21s           2026-08-05T21:15:04                      13
================================================================================
[2026-08-05T21:15:35.214+0000] {manager.py:997} INFO - 
================================================================================
DAG File Processing Stats

File Path                               PID    Runtime      # DAGs    # Errors  Last Runtime    Last Run               Last # of DB Queries
--------------------------------------  -----  ---------  --------  ----------  --------------  -------------------  ----------------------
/opt/airflow/dags/capstone_pipeline.py                           2           0  0.21s           2026-08-05T21:15:35                      13
================================================================================
[2026-08-05T21:16:05.484+0000] {manager.py:997} INFO - 
================================================================================
DAG File Processing Stats

File Path                               PID    Runtime      # DAGs    # Errors  Last Runtime    Last Run               Last # of DB Queries
--------------------------------------  -----  ---------  --------  ----------  --------------  -------------------  ----------------------
/opt/airflow/dags/capstone_pipeline.py                           2           0  0.21s           2026-08-05T21:16:05                      13
================================================================================
[2026-08-05T21:16:31.917+0000] {manager.py:821} INFO - Searching for files in /opt/airflow/dags
[2026-08-05T21:16:31.975+0000] {manager.py:824} INFO - There are 1 files in /opt/airflow/dags
[2026-08-05T21:16:35.796+0000] {manager.py:997} INFO - 
================================================================================
DAG File Processing Stats

File Path                               PID    Runtime      # DAGs    # Errors  Last Runtime    Last Run               Last # of DB Queries
--------------------------------------  -----  ---------  --------  ----------  --------------  -------------------  ----------------------
/opt/airflow/dags/capstone_pipeline.py                           2           0  0.21s           2026-08-05T21:16:35                      13
================================================================================
[2026-08-05T21:17:06.080+0000] {manager.py:997} INFO - 
================================================================================
DAG File Processing Stats

File Path                               PID    Runtime      # DAGs    # Errors  Last Runtime    Last Run               Last # of DB Queries
--------------------------------------  -----  ---------  --------  ----------  --------------  -------------------  ----------------------
/opt/airflow/dags/capstone_pipeline.py                           2           0  0.20s           2026-08-05T21:17:06                      13
================================================================================
[2026-08-05T21:17:36.364+0000] {manager.py:997} INFO - 
================================================================================
DAG File Processing Stats

File Path                               PID    Runtime      # DAGs    # Errors  Last Runtime    Last Run               Last # of DB Queries
--------------------------------------  -----  ---------  --------  ----------  --------------  -------------------  ----------------------
/opt/airflow/dags/capstone_pipeline.py                           2           0  0.21s           2026-08-05T21:17:36                      13
================================================================================
[2026-08-05T21:18:06.662+0000] {manager.py:997} INFO - 
================================================================================
DAG File Processing Stats

File Path                               PID    Runtime      # DAGs    # Errors  Last Runtime    Last Run               Last # of DB Queries
--------------------------------------  -----  ---------  --------  ----------  --------------  -------------------  ----------------------
/opt/airflow/dags/capstone_pipeline.py                           2           0  0.21s           2026-08-05T21:18:06                      13
================================================================================
[2026-08-05T21:18:36.971+0000] {manager.py:997} INFO - 
================================================================================
DAG File Processing Stats

File Path                               PID    Runtime      # DAGs    # Errors  Last Runtime    Last Run               Last # of DB Queries
--------------------------------------  -----  ---------  --------  ----------  --------------  -------------------  ----------------------
/opt/airflow/dags/capstone_pipeline.py                           2           0  0.21s           2026-08-05T21:18:36                      13
================================================================================
[2026-08-05T21:19:07.304+0000] {manager.py:997} INFO - 
================================================================================
DAG File Processing Stats

File Path                               PID    Runtime      # DAGs    # Errors  Last Runtime    Last Run               Last # of DB Queries
--------------------------------------  -----  ---------  --------  ----------  --------------  -------------------  ----------------------
/opt/airflow/dags/capstone_pipeline.py                           2           0  0.21s           2026-08-05T21:19:07                      13
================================================================================
[2026-08-05T21:19:39.734+0000] {manager.py:997} INFO - 
================================================================================
DAG File Processing Stats

File Path                               PID    Runtime      # DAGs    # Errors  Last Runtime    Last Run               Last # of DB Queries
--------------------------------------  -----  ---------  --------  ----------  --------------  -------------------  ----------------------
/opt/airflow/dags/capstone_pipeline.py                           2           0  0.22s           2026-08-05T21:19:39                      13
================================================================================
[2026-08-05T21:20:38.201+0000] {manager.py:997} INFO - 
================================================================================
DAG File Processing Stats

File Path                               PID    Runtime      # DAGs    # Errors  Last Runtime    Last Run               Last # of DB Queries
--------------------------------------  -----  ---------  --------  ----------  --------------  -------------------  ----------------------
/opt/airflow/dags/capstone_pipeline.py                           2           0  0.21s           2026-08-05T21:20:38                      13
================================================================================
[2026-08-05T21:21:08.558+0000] {manager.py:997} INFO - 
================================================================================
DAG File Processing Stats

File Path                               PID    Runtime      # DAGs    # Errors  Last Runtime    Last Run               Last # of DB Queries
--------------------------------------  -----  ---------  --------  ----------  --------------  -------------------  ----------------------
/opt/airflow/dags/capstone_pipeline.py                           2           0  0.20s           2026-08-05T21:21:08                      13
================================================================================
[2026-08-05T21:21:38.291+0000] {manager.py:821} INFO - Searching for files in /opt/airflow/dags
[2026-08-05T21:21:38.330+0000] {manager.py:824} INFO - There are 1 files in /opt/airflow/dags
[2026-08-05T21:22:08.983+0000] {manager.py:997} INFO - 
================================================================================
DAG File Processing Stats

File Path                               PID    Runtime      # DAGs    # Errors  Last Runtime    Last Run               Last # of DB Queries
--------------------------------------  -----  ---------  --------  ----------  --------------  -------------------  ----------------------
/opt/airflow/dags/capstone_pipeline.py                           2           0  0.21s           2026-08-05T21:22:08                      13
================================================================================
[2026-08-05T21:23:54.582+0000] {manager.py:465} INFO - Exiting gracefully upon receiving signal 15
[2026-08-05T21:23:55.286+0000] {manager.py:483} INFO - Processing files using up to 1 processes at a time 
[2026-08-05T21:23:55.288+0000] {manager.py:484} INFO - Process each file at most once every 30 seconds
[2026-08-05T21:23:55.289+0000] {manager.py:485} INFO - Checking for new files in /opt/airflow/dags every 300 seconds
[2026-08-05T21:23:55.290+0000] {manager.py:821} INFO - Searching for files in /opt/airflow/dags
[2026-08-05T21:23:55.370+0000] {manager.py:824} INFO - There are 1 files in /opt/airflow/dags
[2026-08-05T21:23:55.653+0000] {manager.py:997} INFO - 
================================================================================
DAG File Processing Stats

File Path                               PID    Runtime      # DAGs    # Errors  Last Runtime    Last Run               Last # of DB Queries
--------------------------------------  -----  ---------  --------  ----------  --------------  -------------------  ----------------------
/opt/airflow/dags/capstone_pipeline.py                           2           0  0.21s           2026-08-05T21:23:55                      13
================================================================================
[2026-08-05T21:24:26.595+0000] {manager.py:997} INFO - 
================================================================================
DAG File Processing Stats

File Path                               PID    Runtime      # DAGs    # Errors  Last Runtime    Last Run               Last # of DB Queries
--------------------------------------  -----  ---------  --------  ----------  --------------  -------------------  ----------------------
/opt/airflow/dags/capstone_pipeline.py                           2           0  0.20s           2026-08-05T21:24:26                      13
================================================================================
[2026-08-05T21:24:56.853+0000] {manager.py:997} INFO - 
================================================================================
DAG File Processing Stats

File Path                               PID    Runtime      # DAGs    # Errors  Last Runtime    Last Run               Last # of DB Queries
--------------------------------------  -----  ---------  --------  ----------  --------------  -------------------  ----------------------
/opt/airflow/dags/capstone_pipeline.py                           2           0  0.20s           2026-08-05T21:24:56                      13
================================================================================
[2026-08-05T21:25:27.107+0000] {manager.py:997} INFO - 
================================================================================
DAG File Processing Stats

File Path                               PID    Runtime      # DAGs    # Errors  Last Runtime    Last Run               Last # of DB Queries
--------------------------------------  -----  ---------  --------  ----------  --------------  -------------------  ----------------------
/opt/airflow/dags/capstone_pipeline.py                           2           0  0.21s           2026-08-05T21:25:27                      13
================================================================================
[2026-08-05T21:26:18.839+0000] {manager.py:997} INFO - 
================================================================================
DAG File Processing Stats

File Path                               PID    Runtime      # DAGs    # Errors  Last Runtime    Last Run               Last # of DB Queries
--------------------------------------  -----  ---------  --------  ----------  --------------  -------------------  ----------------------
/opt/airflow/dags/capstone_pipeline.py                           2           0  0.21s           2026-08-05T21:26:18                      13
================================================================================
[2026-08-05T21:27:15.632+0000] {manager.py:997} INFO - 
================================================================================
DAG File Processing Stats

File Path                               PID    Runtime      # DAGs    # Errors  Last Runtime    Last Run               Last # of DB Queries
--------------------------------------  -----  ---------  --------  ----------  --------------  -------------------  ----------------------
/opt/airflow/dags/capstone_pipeline.py                           2           0  0.21s           2026-08-05T21:27:15                      13
================================================================================
[2026-08-05T21:28:05.206+0000] {manager.py:997} INFO - 
================================================================================
DAG File Processing Stats

File Path                               PID    Runtime      # DAGs    # Errors  Last Runtime    Last Run               Last # of DB Queries
--------------------------------------  -----  ---------  --------  ----------  --------------  -------------------  ----------------------
/opt/airflow/dags/capstone_pipeline.py                           2           0  0.21s           2026-08-05T21:28:05                      13
================================================================================
[2026-08-05T21:28:36.452+0000] {manager.py:997} INFO - 
================================================================================
DAG File Processing Stats

File Path                               PID    Runtime      # DAGs    # Errors  Last Runtime    Last Run               Last # of DB Queries
--------------------------------------  -----  ---------  --------  ----------  --------------  -------------------  ----------------------
/opt/airflow/dags/capstone_pipeline.py                           2           0  0.20s           2026-08-05T21:28:36                      13
================================================================================
[2026-08-05T21:28:55.378+0000] {manager.py:821} INFO - Searching for files in /opt/airflow/dags
[2026-08-05T21:28:55.398+0000] {manager.py:824} INFO - There are 1 files in /opt/airflow/dags
[2026-08-05T21:29:06.778+0000] {manager.py:997} INFO - 
================================================================================
DAG File Processing Stats

File Path                               PID    Runtime      # DAGs    # Errors  Last Runtime    Last Run               Last # of DB Queries
--------------------------------------  -----  ---------  --------  ----------  --------------  -------------------  ----------------------
/opt/airflow/dags/capstone_pipeline.py                           2           0  0.20s           2026-08-05T21:29:06                      13
================================================================================
[2026-08-05T21:29:37.114+0000] {manager.py:997} INFO - 
================================================================================
DAG File Processing Stats

File Path                               PID    Runtime      # DAGs    # Errors  Last Runtime    Last Run               Last # of DB Queries
--------------------------------------  -----  ---------  --------  ----------  --------------  -------------------  ----------------------
/opt/airflow/dags/capstone_pipeline.py                           2           0  0.20s           2026-08-05T21:29:37                      13
================================================================================
[2026-08-05T21:30:07.379+0000] {manager.py:997} INFO - 
================================================================================
DAG File Processing Stats

File Path                               PID    Runtime      # DAGs    # Errors  Last Runtime    Last Run               Last # of DB Queries
--------------------------------------  -----  ---------  --------  ----------  --------------  -------------------  ----------------------
/opt/airflow/dags/capstone_pipeline.py                           2           0  0.21s           2026-08-05T21:30:07                      13
================================================================================
[2026-08-05T21:30:37.627+0000] {manager.py:997} INFO - 
================================================================================
DAG File Processing Stats

File Path                               PID    Runtime      # DAGs    # Errors  Last Runtime    Last Run               Last # of DB Queries
--------------------------------------  -----  ---------  --------  ----------  --------------  -------------------  ----------------------
/opt/airflow/dags/capstone_pipeline.py                           2           0  0.20s           2026-08-05T21:30:37                      13
================================================================================
[2026-08-05T21:31:07.856+0000] {manager.py:997} INFO - 
================================================================================
DAG File Processing Stats

File Path                               PID    Runtime      # DAGs    # Errors  Last Runtime    Last Run               Last # of DB Queries
--------------------------------------  -----  ---------  --------  ----------  --------------  -------------------  ----------------------
/opt/airflow/dags/capstone_pipeline.py                           2           0  0.21s           2026-08-05T21:31:07                      13
================================================================================
[2026-08-05T21:31:38.122+0000] {manager.py:997} INFO - 
================================================================================
DAG File Processing Stats

File Path                               PID    Runtime      # DAGs    # Errors  Last Runtime    Last Run               Last # of DB Queries
--------------------------------------  -----  ---------  --------  ----------  --------------  -------------------  ----------------------
/opt/airflow/dags/capstone_pipeline.py                           2           0  0.20s           2026-08-05T21:31:38                      13
================================================================================
[2026-08-05T21:32:08.385+0000] {manager.py:997} INFO - 
================================================================================
DAG File Processing Stats

File Path                               PID    Runtime      # DAGs    # Errors  Last Runtime    Last Run               Last # of DB Queries
--------------------------------------  -----  ---------  --------  ----------  --------------  -------------------  ----------------------
/opt/airflow/dags/capstone_pipeline.py                           2           0  0.21s           2026-08-05T21:32:08                      13
================================================================================
