[2026-08-05T21:21:11.309+0000] {local_task_job_runner.py:123} INFO - ::group::Pre task execution logs
[2026-08-05T21:21:11.328+0000] {taskinstance.py:2614} INFO - Dependencies all met for dep_context=non-requeueable deps ti=<TaskInstance: capstone_pipeline.maybe_inject_corruption manual__2026-08-05T21:19:15+00:00 [queued]>
[2026-08-05T21:21:11.339+0000] {taskinstance.py:2614} INFO - Dependencies all met for dep_context=requeueable deps ti=<TaskInstance: capstone_pipeline.maybe_inject_corruption manual__2026-08-05T21:19:15+00:00 [queued]>
[2026-08-05T21:21:11.363+0000] {taskinstance.py:2867} INFO - Starting attempt 1 of 1
[2026-08-05T21:21:11.399+0000] {taskinstance.py:2890} INFO - Executing <Task(BashOperator): maybe_inject_corruption> on 2026-08-05 21:19:15+00:00
[2026-08-05T21:21:11.408+0000] {standard_task_runner.py:72} INFO - Started process 5963 to run task
[2026-08-05T21:21:11.411+0000] {standard_task_runner.py:104} INFO - Running: ['airflow', 'tasks', 'run', 'capstone_pipeline', 'maybe_inject_corruption', 'manual__2026-08-05T21:19:15+00:00', '--job-id', '26', '--raw', '--subdir', 'DAGS_FOLDER/capstone_pipeline.py', '--cfg-path', '/tmp/tmp3o7rzdld']
[2026-08-05T21:21:11.415+0000] {standard_task_runner.py:105} INFO - Job 26: Subtask maybe_inject_corruption
[2026-08-05T21:21:11.501+0000] {task_command.py:467} INFO - Running <TaskInstance: capstone_pipeline.maybe_inject_corruption manual__2026-08-05T21:19:15+00:00 [running]> on host 464d4962317f
[2026-08-05T21:21:11.563+0000] {taskinstance.py:3134} INFO - Exporting env vars: AIRFLOW_CTX_DAG_OWNER='airflow' AIRFLOW_CTX_DAG_ID='capstone_pipeline' AIRFLOW_CTX_TASK_ID='maybe_inject_corruption' AIRFLOW_CTX_EXECUTION_DATE='2026-08-05T21:19:15+00:00' AIRFLOW_CTX_TRY_NUMBER='1' AIRFLOW_CTX_DAG_RUN_ID='manual__2026-08-05T21:19:15+00:00'
[2026-08-05T21:21:11.566+0000] {taskinstance.py:732} INFO - ::endgroup::
[2026-08-05T21:21:11.579+0000] {subprocess.py:78} INFO - Tmp dir root location: /tmp
[2026-08-05T21:21:11.581+0000] {subprocess.py:88} INFO - Running command: ['/usr/bin/bash', '-c', "echo 'corruption injection skipped (clean run)'"]
[2026-08-05T21:21:11.590+0000] {subprocess.py:99} INFO - Output:
[2026-08-05T21:21:11.591+0000] {subprocess.py:106} INFO - corruption injection skipped (clean run)
[2026-08-05T21:21:11.593+0000] {subprocess.py:110} INFO - Command exited with return code 0
[2026-08-05T21:21:11.612+0000] {taskinstance.py:341} INFO - ::group::Post task execution logs
[2026-08-05T21:21:11.614+0000] {taskinstance.py:353} INFO - Marking task as SUCCESS. dag_id=capstone_pipeline, task_id=maybe_inject_corruption, run_id=manual__2026-08-05T21:19:15+00:00, execution_date=20260805T211915, start_date=20260805T212111, end_date=20260805T212111
[2026-08-05T21:21:11.666+0000] {local_task_job_runner.py:266} INFO - Task exited with return code 0
[2026-08-05T21:21:11.682+0000] {taskinstance.py:3901} INFO - 1 downstream tasks scheduled from follow-on schedule check
[2026-08-05T21:21:11.697+0000] {local_task_job_runner.py:245} INFO - ::endgroup::
