[2026-08-05T21:10:11.541+0000] {local_task_job_runner.py:123} INFO - ::group::Pre task execution logs
[2026-08-05T21:10:11.565+0000] {taskinstance.py:2614} INFO - Dependencies all met for dep_context=non-requeueable deps ti=<TaskInstance: capstone_pipeline.build_rag_index manual__2026-08-05T20:56:39+00:00 [queued]>
[2026-08-05T21:10:11.577+0000] {taskinstance.py:2614} INFO - Dependencies all met for dep_context=requeueable deps ti=<TaskInstance: capstone_pipeline.build_rag_index manual__2026-08-05T20:56:39+00:00 [queued]>
[2026-08-05T21:10:11.580+0000] {taskinstance.py:2867} INFO - Starting attempt 4 of 4
[2026-08-05T21:10:11.597+0000] {taskinstance.py:2890} INFO - Executing <Task(BashOperator): build_rag_index> on 2026-08-05 20:56:39+00:00
[2026-08-05T21:10:11.605+0000] {standard_task_runner.py:72} INFO - Started process 3894 to run task
[2026-08-05T21:10:11.607+0000] {standard_task_runner.py:104} INFO - Running: ['airflow', 'tasks', 'run', 'capstone_pipeline', 'build_rag_index', 'manual__2026-08-05T20:56:39+00:00', '--job-id', '20', '--raw', '--subdir', 'DAGS_FOLDER/capstone_pipeline.py', '--cfg-path', '/tmp/tmp_0neicll']
[2026-08-05T21:10:11.609+0000] {standard_task_runner.py:105} INFO - Job 20: Subtask build_rag_index
[2026-08-05T21:10:11.667+0000] {task_command.py:467} INFO - Running <TaskInstance: capstone_pipeline.build_rag_index manual__2026-08-05T20:56:39+00:00 [running]> on host 464d4962317f
[2026-08-05T21:10:11.728+0000] {taskinstance.py:3134} INFO - Exporting env vars: AIRFLOW_CTX_DAG_OWNER='airflow' AIRFLOW_CTX_DAG_ID='capstone_pipeline' AIRFLOW_CTX_TASK_ID='build_rag_index' AIRFLOW_CTX_EXECUTION_DATE='2026-08-05T20:56:39+00:00' AIRFLOW_CTX_TRY_NUMBER='4' AIRFLOW_CTX_DAG_RUN_ID='manual__2026-08-05T20:56:39+00:00'
[2026-08-05T21:10:11.730+0000] {taskinstance.py:732} INFO - ::endgroup::
[2026-08-05T21:10:11.743+0000] {subprocess.py:78} INFO - Tmp dir root location: /tmp
[2026-08-05T21:10:11.744+0000] {subprocess.py:88} INFO - Running command: ['/usr/bin/bash', '-c', '/opt/venvs/compute/bin/python /opt/capstone/src/rag/build_index.py']
[2026-08-05T21:10:11.753+0000] {subprocess.py:99} INFO - Output:
[2026-08-05T21:10:21.832+0000] {subprocess.py:106} INFO - Warning: You are sending unauthenticated requests to the HF Hub. Please set a HF_TOKEN to enable higher rate limits and faster downloads.
[2026-08-05T21:10:23.149+0000] {subprocess.py:106} INFO - [build_index] 1000 documents -> 6013 chunks
[2026-08-05T21:10:23.152+0000] {subprocess.py:106} INFO - [build_index] example doc '22423' split into 7 chunks (multi-sentence source -> multiple chunks)
[2026-08-05T21:10:23.177+0000] {subprocess.py:106} INFO - Loading weights:   0%|          | 0/103 [00:00<?, ?it/s]Loading weights: 100%|██████████| 103/103 [00:00<00:00, 3855.88it/s]
[2026-08-05T21:11:29.768+0000] {subprocess.py:106} INFO - [INDEX] embedded+stored chunks 0..4999
[2026-08-05T21:11:29.770+0000] {subprocess.py:106} INFO - [INDEX] embedded+stored chunks 5000..6012
[2026-08-05T21:11:29.771+0000] {subprocess.py:106} INFO - [build_index] Chroma collection 'rag_capstone_chunks' rebuilt at /opt/capstone/data/chroma (6013 chunks, all-MiniLM-L6-v2 embeddings)
[2026-08-05T21:11:29.772+0000] {subprocess.py:106} INFO - [build_index] BM25 index pickled -> /opt/capstone/data/bm25.pkl
[2026-08-05T21:11:30.728+0000] {subprocess.py:110} INFO - Command exited with return code 0
[2026-08-05T21:11:30.763+0000] {taskinstance.py:341} INFO - ::group::Post task execution logs
[2026-08-05T21:11:30.765+0000] {taskinstance.py:353} INFO - Marking task as SUCCESS. dag_id=capstone_pipeline, task_id=build_rag_index, run_id=manual__2026-08-05T20:56:39+00:00, execution_date=20260805T205639, start_date=20260805T211011, end_date=20260805T211130
[2026-08-05T21:11:30.824+0000] {local_task_job_runner.py:266} INFO - Task exited with return code 0
[2026-08-05T21:11:30.836+0000] {taskinstance.py:3901} INFO - 0 downstream tasks scheduled from follow-on schedule check
[2026-08-05T21:11:30.838+0000] {local_task_job_runner.py:245} INFO - ::endgroup::
