[2026-08-05T21:06:26.011+0000] {local_task_job_runner.py:123} INFO - ::group::Pre task execution logs
[2026-08-05T21:06:26.027+0000] {taskinstance.py:2614} INFO - Dependencies all met for dep_context=non-requeueable deps ti=<TaskInstance: capstone_pipeline.build_rag_index manual__2026-08-05T20:56:39+00:00 [queued]>
[2026-08-05T21:06:26.036+0000] {taskinstance.py:2614} INFO - Dependencies all met for dep_context=requeueable deps ti=<TaskInstance: capstone_pipeline.build_rag_index manual__2026-08-05T20:56:39+00:00 [queued]>
[2026-08-05T21:06:26.039+0000] {taskinstance.py:2867} INFO - Starting attempt 3 of 3
[2026-08-05T21:06:26.059+0000] {taskinstance.py:2890} INFO - Executing <Task(BashOperator): build_rag_index> on 2026-08-05 20:56:39+00:00
[2026-08-05T21:06:26.065+0000] {standard_task_runner.py:72} INFO - Started process 3269 to run task
[2026-08-05T21:06:26.068+0000] {standard_task_runner.py:104} INFO - Running: ['airflow', 'tasks', 'run', 'capstone_pipeline', 'build_rag_index', 'manual__2026-08-05T20:56:39+00:00', '--job-id', '18', '--raw', '--subdir', 'DAGS_FOLDER/capstone_pipeline.py', '--cfg-path', '/tmp/tmpr32hm37h']
[2026-08-05T21:06:26.071+0000] {standard_task_runner.py:105} INFO - Job 18: Subtask build_rag_index
[2026-08-05T21:06:26.138+0000] {task_command.py:467} INFO - Running <TaskInstance: capstone_pipeline.build_rag_index manual__2026-08-05T20:56:39+00:00 [running]> on host 464d4962317f
[2026-08-05T21:06:26.208+0000] {taskinstance.py:3134} INFO - Exporting env vars: AIRFLOW_CTX_DAG_OWNER='airflow' AIRFLOW_CTX_DAG_ID='capstone_pipeline' AIRFLOW_CTX_TASK_ID='build_rag_index' AIRFLOW_CTX_EXECUTION_DATE='2026-08-05T20:56:39+00:00' AIRFLOW_CTX_TRY_NUMBER='3' AIRFLOW_CTX_DAG_RUN_ID='manual__2026-08-05T20:56:39+00:00'
[2026-08-05T21:06:26.210+0000] {taskinstance.py:732} INFO - ::endgroup::
[2026-08-05T21:06:26.225+0000] {subprocess.py:78} INFO - Tmp dir root location: /tmp
[2026-08-05T21:06:26.227+0000] {subprocess.py:88} INFO - Running command: ['/usr/bin/bash', '-c', '/opt/venvs/compute/bin/python /opt/capstone/src/rag/build_index.py']
[2026-08-05T21:06:26.235+0000] {subprocess.py:99} INFO - Output:
[2026-08-05T21:06:37.921+0000] {subprocess.py:106} INFO - Warning: You are sending unauthenticated requests to the HF Hub. Please set a HF_TOKEN to enable higher rate limits and faster downloads.
[2026-08-05T21:06:39.482+0000] {subprocess.py:106} INFO - [build_index] 1000 documents -> 6003 chunks
[2026-08-05T21:06:39.483+0000] {subprocess.py:106} INFO - [build_index] example doc '22423' split into 6 chunks (multi-sentence source -> multiple chunks)
[2026-08-05T21:06:39.532+0000] {subprocess.py:106} INFO - Loading weights:   0%|          | 0/103 [00:00<?, ?it/s]Loading weights: 100%|██████████| 103/103 [00:00<00:00, 2087.99it/s]
[2026-08-05T21:07:43.531+0000] {subprocess.py:106} INFO - [INDEX] embedded+stored chunks 0..4999
[2026-08-05T21:07:43.533+0000] {subprocess.py:106} INFO - [INDEX] embedded+stored chunks 5000..6002
[2026-08-05T21:07:43.534+0000] {subprocess.py:106} INFO - [build_index] Chroma collection 'rag_capstone_chunks' rebuilt at /opt/capstone/data/chroma (6003 chunks, all-MiniLM-L6-v2 embeddings)
[2026-08-05T21:07:43.535+0000] {subprocess.py:106} INFO - [build_index] BM25 index pickled -> /opt/capstone/data/bm25.pkl
[2026-08-05T21:07:44.623+0000] {subprocess.py:110} INFO - Command exited with return code 0
[2026-08-05T21:07:44.652+0000] {taskinstance.py:341} INFO - ::group::Post task execution logs
[2026-08-05T21:07:44.654+0000] {taskinstance.py:353} INFO - Marking task as SUCCESS. dag_id=capstone_pipeline, task_id=build_rag_index, run_id=manual__2026-08-05T20:56:39+00:00, execution_date=20260805T205639, start_date=20260805T210626, end_date=20260805T210744
[2026-08-05T21:07:44.689+0000] {local_task_job_runner.py:266} INFO - Task exited with return code 0
[2026-08-05T21:07:44.699+0000] {taskinstance.py:3901} INFO - 0 downstream tasks scheduled from follow-on schedule check
[2026-08-05T21:07:44.701+0000] {local_task_job_runner.py:245} INFO - ::endgroup::
